Archive member included to satisfy reference by file (symbol)

/Users/cocout/Haiway/app/esp32-example/hello_world/build/cxx/libcxx.a(cxx_exception_stubs.o)
                              (__cxx_fatal_exception)
/Users/cocout/Haiway/app/esp32-example/hello_world/build/cxx/libcxx.a(cxx_guards.o)
                              (__cxa_guard_dummy)
/Users/cocout/Haiway/app/esp32-example/hello_world/build/esp32/libesp32.a(cpu_start.o)
                              (call_start_cpu0)
/Users/cocout/Haiway/app/esp32-example/hello_world/build/esp32/libesp32.a(crosscore_int.o)
                              /Users/cocout/Haiway/app/esp32-example/hello_world/build/esp32/libesp32.a(cpu_start.o) (esp_crosscore_int_init)
/Users/cocout/Haiway/app/esp32-example/hello_world/build/esp32/libesp32.a(dbg_stubs.o)
                              /Users/cocout/Haiway/app/esp32-example/hello_world/build/esp32/libesp32.a(cpu_start.o) (esp_dbg_stubs_init)
/Users/cocout/Haiway/app/esp32-example/hello_world/build/esp32/libesp32.a(esp_timer.o)
                              /Users/cocout/Haiway/app/esp32-example/hello_world/build/esp32/libesp32.a(cpu_start.o) (esp_timer_init)
/Users/cocout/Haiway/app/esp32-example/hello_world/build/esp32/libesp32.a(esp_timer_esp32.o)
                              /Users/cocout/Haiway/app/esp32-example/hello_world/build/esp32/libesp32.a(esp_timer.o) (esp_timer_impl_get_time)
/Users/cocout/Haiway/app/esp32-example/hello_world/build/esp32/libesp32.a(int_wdt.o)
                              /Users/cocout/Haiway/app/esp32-example/hello_world/build/esp32/libesp32.a(cpu_start.o) (esp_int_wdt_init)
/Users/cocout/Haiway/app/esp32-example/hello_world/build/esp32/libesp32.a(intr_alloc.o)
                              /Users/cocout/Haiway/app/esp32-example/hello_world/build/esp32/libesp32.a(esp_timer_esp32.o) (esp_intr_enable)
/Users/cocout/Haiway/app/esp32-example/hello_world/build/esp32/libesp32.a(ipc.o)
                              /Users/cocout/Haiway/app/esp32-example/hello_world/build/esp32/libesp32.a(cpu_start.o) (esp_ipc_init)
/Users/cocout/Haiway/app/esp32-example/hello_world/build/esp32/libesp32.a(panic.o)
                              /Users/cocout/Haiway/app/esp32-example/hello_world/build/cxx/libcxx.a(cxx_exception_stubs.o) (abort)
/Users/cocout/Haiway/app/esp32-example/hello_world/build/esp32/libesp32.a(system_api.o)
                              /Users/cocout/Haiway/app/esp32-example/hello_world/build/esp32/libesp32.a(panic.o) (esp_restart_noos)
/Users/cocout/Haiway/app/esp32-example/hello_world/build/esp32/libesp32.a(task_wdt.o)
                              /Users/cocout/Haiway/app/esp32-example/hello_world/build/esp32/libesp32.a(cpu_start.o) (esp_task_wdt_init)
/Users/cocout/Haiway/app/esp32-example/hello_world/build/esp32/libesp32.a(dport_panic_highint_hdl.o)
                              (ld_include_panic_highint_hdl)
/Users/cocout/Haiway/app/esp32-example/hello_world/build/esp32/libesp32.a(brownout.o)
                              /Users/cocout/Haiway/app/esp32-example/hello_world/build/esp32/libesp32.a(cpu_start.o) (esp_brownout_init)
/Users/cocout/Haiway/app/esp32-example/hello_world/build/esp32/libesp32.a(cache_err_int.o)
                              /Users/cocout/Haiway/app/esp32-example/hello_world/build/esp32/libesp32.a(cpu_start.o) (esp_cache_err_int_init)
/Users/cocout/Haiway/app/esp32-example/hello_world/build/esp32/libesp32.a(clk.o)
                              /Users/cocout/Haiway/app/esp32-example/hello_world/build/esp32/libesp32.a(cpu_start.o) (esp_clk_init)
/Users/cocout/Haiway/app/esp32-example/hello_world/build/esp32/libesp32.a(dport_access.o)
                              /Users/cocout/Haiway/app/esp32-example/hello_world/build/esp32/libesp32.a(cache_err_int.o) (esp_dport_access_int_pause)
/Users/cocout/Haiway/app/esp32-example/hello_world/build/esp32/libesp32.a(esp_err_to_name.o)
                              /Users/cocout/Haiway/app/esp32-example/hello_world/build/esp32/libesp32.a(panic.o) (esp_err_to_name)
/Users/cocout/Haiway/app/esp32-example/hello_world/build/esp32/libesp32.a(freertos_hooks.o)
                              /Users/cocout/Haiway/app/esp32-example/hello_world/build/esp32/libesp32.a(task_wdt.o) (esp_register_freertos_idle_hook_for_cpu)
/Users/cocout/esp/esp-idf/components/esp32/libhal.a(int_asm--set_intclear.o)
                              /Users/cocout/Haiway/app/esp32-example/hello_world/build/esp32/libesp32.a(intr_alloc.o) (xthal_set_intclear)
/Users/cocout/Haiway/app/esp32-example/hello_world/build/freertos/libfreertos.a(extra.o)
                              /Users/cocout/Haiway/app/esp32-example/hello_world/build/esp32/libesp32.a(cpu_start.o) (xTaskCreatePinnedToCore)
/Users/cocout/Haiway/app/esp32-example/hello_world/build/freertos/libfreertos.a(FreeRTOS-openocd.o)
                              (uxTopUsedPriority)
/Users/cocout/Haiway/app/esp32-example/hello_world/build/freertos/libfreertos.a(port.o)
[...]
Memory Configuration

Name             Origin             Length             Attributes
iram0_0_seg      0x0000000040080000 0x0000000000020000 xr
iram0_2_seg      0x00000000400d0018 0x000000000032ffe8 xr
dram0_0_seg      0x000000003ffb0000 0x000000000002c200 rw
drom0_0_seg      0x000000003f400018 0x00000000003fffe8 r
rtc_iram_seg     0x00000000400c0000 0x0000000000002000 xrw
rtc_slow_seg     0x0000000050000000 0x0000000000001000 rw
*default*        0x0000000000000000 0xffffffffffffffff

Linker script and memory map

START GROUP
LOAD /Users/cocout/Haiway/app/esp32-example/hello_world/build/app_trace/libapp_trace.a
LOAD /Users/cocout/Haiway/app/esp32-example/hello_world/build/app_update/libapp_update.a
LOAD /Users/cocout/Haiway/app/esp32-example/hello_world/build/bootloader_support/libbootloader_support.a
LOAD /Users/cocout/Haiway/app/esp32-example/hello_world/build/bt/libbt.a
LOAD /Users/cocout/Haiway/app/esp32-example/hello_world/build/coap/libcoap.a
LOAD /Users/cocout/Haiway/app/esp32-example/hello_world/build/console/libconsole.a
LOAD /Users/cocout/Haiway/app/esp32-example/hello_world/build/cxx/libcxx.a
LOAD /Users/cocout/Haiway/app/esp32-example/hello_world/build/driver/libdriver.a
LOAD /Users/cocout/Haiway/app/esp32-example/hello_world/build/esp-tls/libesp-tls.a
LOAD /Users/cocout/Haiway/app/esp32-example/hello_world/build/esp32/libesp32.a
LOAD /Users/cocout/esp/esp-idf/components/esp32/libhal.a
LOAD /Users/cocout/esp/esp-idf/components/esp32/lib/libcore.a
LOAD /Users/cocout/esp/esp-idf/components/esp32/lib/librtc.a
LOAD /Users/cocout/esp/esp-idf/components/esp32/lib/libnet80211.a
LOAD /Users/cocout/esp/esp-idf/components/esp32/lib/libpp.a
LOAD /Users/cocout/esp/esp-idf/components/esp32/lib/libwpa.a
LOAD /Users/cocout/esp/esp-idf/components/esp32/lib/libsmartconfig.a
LOAD /Users/cocout/esp/esp-idf/components/esp32/lib/libcoexist.a
LOAD /Users/cocout/esp/esp-idf/components/esp32/lib/libwps.a
LOAD /Users/cocout/esp/esp-idf/components/esp32/lib/libwpa2.a
LOAD /Users/cocout/esp/esp-idf/components/esp32/lib/libespnow.a
LOAD /Users/cocout/esp/esp-idf/components/esp32/lib/libphy.a
LOAD /Users/cocout/esp/esp-idf/components/esp32/lib/libmesh.a
LOAD /Users/cocout/Haiway/app/esp32-example/hello_world/build/esp_adc_cal/libesp_adc_cal.a
LOAD /Users/cocout/Haiway/app/esp32-example/hello_world/build/esp_http_client/libesp_http_client.a
LOAD /Users/cocout/Haiway/app/esp32-example/hello_world/build/ethernet/libethernet.a
LOAD /Users/cocout/Haiway/app/esp32-example/hello_world/build/expat/libexpat.a
LOAD /Users/cocout/Haiway/app/esp32-example/hello_world/build/fatfs/libfatfs.a
LOAD /Users/cocout/Haiway/app/esp32-example/hello_world/build/freertos/libfreertos.a
LOAD /Users/cocout/Haiway/app/esp32-example/hello_world/build/heap/libheap.a
LOAD /Users/cocout/Haiway/app/esp32-example/hello_world/build/idf_test/libidf_test.a
LOAD /Users/cocout/Haiway/app/esp32-example/hello_world/build/jsmn/libjsmn.a
LOAD /Users/cocout/Haiway/app/esp32-example/hello_world/build/json/libjson.a
LOAD /Users/cocout/Haiway/app/esp32-example/hello_world/build/libsodium/liblibsodium.a
LOAD /Users/cocout/Haiway/app/esp32-example/hello_world/build/log/liblog.a
LOAD /Users/cocout/Haiway/app/esp32-example/hello_world/build/lwip/liblwip.a
LOAD /Users/cocout/Haiway/app/esp32-example/hello_world/build/main/libmain.a
LOAD /Users/cocout/Haiway/app/esp32-example/hello_world/build/mbedtls/libmbedtls.a
LOAD /Users/cocout/Haiway/app/esp32-example/hello_world/build/mdns/libmdns.a
LOAD /Users/cocout/Haiway/app/esp32-example/hello_world/build/micro-ecc/libmicro-ecc.a
LOAD /Users/cocout/esp/esp-idf/components/newlib/lib/libc.a
LOAD /Users/cocout/esp/esp-idf/components/newlib/lib/libm.a
LOAD /Users/cocout/Haiway/app/esp32-example/hello_world/build/newlib/libnewlib.a
LOAD /Users/cocout/Haiway/app/esp32-example/hello_world/build/nghttp/libnghttp.a
LOAD /Users/cocout/Haiway/app/esp32-example/hello_world/build/nvs_flash/libnvs_flash.a
LOAD /Users/cocout/Haiway/app/esp32-example/hello_world/build/openssl/libopenssl.a
LOAD /Users/cocout/Haiway/app/esp32-example/hello_world/build/pthread/libpthread.a
LOAD /Users/cocout/Haiway/app/esp32-example/hello_world/build/sdmmc/libsdmmc.a
LOAD /Users/cocout/Haiway/app/esp32-example/hello_world/build/smartconfig_ack/libsmartconfig_ack.a
LOAD /Users/cocout/Haiway/app/esp32-example/hello_world/build/soc/libsoc.a
LOAD /Users/cocout/Haiway/app/esp32-example/hello_world/build/spi_flash/libspi_flash.a
LOAD /Users/cocout/Haiway/app/esp32-example/hello_world/build/spiffs/libspiffs.a
LOAD /Users/cocout/Haiway/app/esp32-example/hello_world/build/tcpip_adapter/libtcpip_adapter.a
LOAD /Users/cocout/Haiway/app/esp32-example/hello_world/build/ulp/libulp.a
LOAD /Users/cocout/Haiway/app/esp32-example/hello_world/build/vfs/libvfs.a
LOAD /Users/cocout/Haiway/app/esp32-example/hello_world/build/wear_levelling/libwear_levelling.a
LOAD /Users/cocout/Haiway/app/esp32-example/hello_world/build/wpa_supplicant/libwpa_supplicant.a
LOAD /Users/cocout/Haiway/app/esp32-example/hello_world/build/xtensa-debug-module/libxtensa-debug-module.a
LOAD /Users/cocout/esp/xtensa-esp32-elf/bin/../lib/gcc/xtensa-esp32-elf/5.2.0/libgcc.a
LOAD /Users/cocout/esp/xtensa-esp32-elf/bin/../lib/gcc/xtensa-esp32-elf/5.2.0/../../../../xtensa-esp32-elf/lib/libstdc++.a
LOAD /Users/cocout/esp/xtensa-esp32-elf/bin/../lib/gcc/xtensa-esp32-elf/5.2.0/libgcov.a
END GROUP
                0x0000000040000000                _heap_end = 0x40000000

.rtc.text       0x00000000400c0000        0x0
                0x00000000400c0000                . = ALIGN (0x4)
 *(.rtc.literal .rtc.text)
 *rtc_wake_stub*.o(.literal .text .literal.* .text.*)

.rtc.data       0x0000000050000000        0x0
                0x0000000050000000                _rtc_data_start = ABSOLUTE (.)
 *(.rtc.data)
 *(.rtc.rodata)
 *rtc_wake_stub*.o(.data .rodata .data.* .rodata.* .bss .bss.*)
                0x0000000050000000                _rtc_data_end = ABSOLUTE (.)

.rtc.bss        0x0000000050000000        0x0
                0x0000000050000000                _rtc_bss_start = ABSOLUTE (.)
 *rtc_wake_stub*.o(.bss .bss.*)
 *rtc_wake_stub*.o(COMMON)
                0x0000000050000000                _rtc_bss_end = ABSOLUTE (.)

.rtc_noinit     0x0000000050000000        0x0
                0x0000000050000000                . = ALIGN (0x4)
                0x0000000050000000                _rtc_noinit_start = ABSOLUTE (.)
 *(.rtc_noinit .rtc_noinit.*)
                0x0000000050000000                . = ALIGN (0x4)
                0x0000000050000000                _rtc_noinit_end = ABSOLUTE (.)

.iram0.vectors  0x0000000040080000      0x400
                0x0000000040080000                _init_start = ABSOLUTE (.)
                0x0000000000000000                . = 0x0
 *(.WindowVectors.text)
 .WindowVectors.text
                0x0000000040080000      0x16a /Users/cocout/Haiway/app/esp32-example/hello_world/build/freertos/libfreertos.a(xtensa_vectors.o)
                0x0000000040080000                _WindowOverflow4
                0x0000000040080040                _WindowUnderflow4
                0x0000000040080050                _xt_alloca_exc
                0x0000000040080080                _WindowOverflow8
                0x00000000400800c0                _WindowUnderflow8
                0x0000000040080100                _WindowOverflow12
                0x0000000040080140                _WindowUnderflow12
                0x0000000000000180                . = 0x180
 *fill*         0x000000004008016a       0x16 
 *(.Level2InterruptVector.text)
 .Level2InterruptVector.text
                0x0000000040080180        0x6 /Users/cocout/Haiway/app/esp32-example/hello_world/build/freertos/libfreertos.a(xtensa_vectors.o)
                0x0000000040080180                _Level2Vector
                0x00000000000001c0                . = 0x1c0
 *fill*         0x0000000040080186       0x3a 
 *(.Level3InterruptVector.text)
 .Level3InterruptVector.text
                0x00000000400801c0        0x6 /Users/cocout/Haiway/app/esp32-example/hello_world/build/freertos/libfreertos.a(xtensa_vectors.o)
                0x00000000400801c0                _Level3Vector
                0x0000000000000200                . = 0x200
 *fill*         0x00000000400801c6       0x3a 
 *(.Level4InterruptVector.text)
 .Level4InterruptVector.text
                0x0000000040080200        0x6 /Users/cocout/Haiway/app/esp32-example/hello_world/build/freertos/libfreertos.a(xtensa_vectors.o)
                0x0000000040080200                _Level4Vector
                0x0000000000000240                . = 0x240
 *fill*         0x0000000040080206       0x3a 
 *(.Level5InterruptVector.text)
 .Level5InterruptVector.text
                0x0000000040080240        0x6 /Users/cocout/Haiway/app/esp32-example/hello_world/build/freertos/libfreertos.a(xtensa_vectors.o)
                0x0000000040080240                _Level5Vector
                0x0000000000000280                . = 0x280
 *fill*         0x0000000040080246       0x3a 
 *(.DebugExceptionVector.text)
 .DebugExceptionVector.text
                0x0000000040080280        0x6 /Users/cocout/Haiway/app/esp32-example/hello_world/build/freertos/libfreertos.a(xtensa_vectors.o)
                0x0000000040080280                _DebugExceptionVector
                0x00000000000002c0                . = 0x2c0
 *fill*         0x0000000040080286       0x3a 
 *(.NMIExceptionVector.text)
 .NMIExceptionVector.text
                0x00000000400802c0        0x6 /Users/cocout/Haiway/app/esp32-example/hello_world/build/freertos/libfreertos.a(xtensa_vectors.o)
                0x00000000400802c0                _NMIExceptionVector
                0x0000000000000300                . = 0x300
 *fill*         0x00000000400802c6       0x3a 
 *(.KernelExceptionVector.text)
 .KernelExceptionVector.text
                0x0000000040080300        0x6 /Users/cocout/Haiway/app/esp32-example/hello_world/build/freertos/libfreertos.a(xtensa_vectors.o)
                0x0000000040080300                _KernelExceptionVector
                0x0000000000000340                . = 0x340
 *fill*         0x0000000040080306       0x3a 
 *(.UserExceptionVector.text)
 .UserExceptionVector.text
                0x0000000040080340        0x6 /Users/cocout/Haiway/app/esp32-example/hello_world/build/freertos/libfreertos.a(xtensa_vectors.o)
                0x0000000040080340                _UserExceptionVector
                0x00000000000003c0                . = 0x3c0
 *fill*         0x0000000040080346       0x7a 
 *(.DoubleExceptionVector.text)
 .DoubleExceptionVector.text
                0x00000000400803c0        0xf /Users/cocout/Haiway/app/esp32-example/hello_world/build/freertos/libfreertos.a(xtensa_vectors.o)
                0x00000000400803c0                _DoubleExceptionVector
                0x0000000000000400                . = 0x400
 *fill*         0x00000000400803cf       0x31 
 *(.*Vector.literal)
 *(.UserEnter.literal)
 *(.UserEnter.text)
                0x0000000040080400                . = ALIGN (0x10)
 *(.entry.text)
 *(.init.literal)
 *(.init)
                0x0000000040080400                _init_end = ABSOLUTE (.)
                0x0000000000000000                _iram_start = 0x0

.iram0.text     0x0000000040080400     0x7a40
                0x0000000040080400                _iram_text_start = ABSOLUTE (.)
 *(.iram1 .iram1.*)
 .iram1.literal
                0x0000000040080400       0x94 /Users/cocout/Haiway/app/esp32-example/hello_world/build/esp32/libesp32.a(cpu_start.o)
                                        0x16c (size before relaxing)
 .iram1.literal
                0x0000000040080494       0x1c /Users/cocout/Haiway/app/esp32-example/hello_world/build/esp32/libesp32.a(crosscore_int.o)
                                         0x3c (size before relaxing)
 .iram1.literal
                0x00000000400804b0       0x24 /Users/cocout/Haiway/app/esp32-example/hello_world/build/esp32/libesp32.a(esp_timer.o)
                                         0x58 (size before relaxing)
 .iram1.literal
                0x00000000400804d4       0x5c /Users/cocout/Haiway/app/esp32-example/hello_world/build/esp32/libesp32.a(esp_timer_esp32.o)
                                         0xf4 (size before relaxing)
 .iram1.literal
                0x0000000040080530        0x8 /Users/cocout/Haiway/app/esp32-example/hello_world/build/esp32/libesp32.a(int_wdt.o)
 .iram1.literal
                0x0000000040080538       0x1c /Users/cocout/Haiway/app/esp32-example/hello_world/build/esp32/libesp32.a(intr_alloc.o)
                                         0x6c (size before relaxing)
 .iram1.literal
                0x0000000040080554       0x20 /Users/cocout/Haiway/app/esp32-example/hello_world/build/esp32/libesp32.a(ipc.o)
                                         0x34 (size before relaxing)
 .iram1.literal
                0x0000000040080574       0x4c /Users/cocout/Haiway/app/esp32-example/hello_world/build/esp32/libesp32.a(system_api.o)
                                         0x8c (size before relaxing)
 .iram1.literal
                0x00000000400805c0        0x8 /Users/cocout/Haiway/app/esp32-example/hello_world/build/esp32/libesp32.a(dport_panic_highint_hdl.o)
 .iram1.literal
                0x00000000400805c8        0xc /Users/cocout/Haiway/app/esp32-example/hello_world/build/esp32/libesp32.a(clk.o)
                                         0x18 (size before relaxing)
 .iram1.literal
                0x00000000400805d4        0x4 /Users/cocout/Haiway/app/esp32-example/hello_world/build/freertos/libfreertos.a(port.o)
 .iram1.literal
                0x00000000400805d8       0x44 /Users/cocout/Haiway/app/esp32-example/hello_world/build/freertos/libfreertos.a(xtensa_vectors.o)
                                         0x68 (size before relaxing)
 .iram1.literal
                0x000000004008061c       0x54 /Users/cocout/Haiway/app/esp32-example/hello_world/build/heap/libheap.a(heap_caps.o)
                                         0xb0 (size before relaxing)
 .iram1.literal
                0x0000000040080670       0x24 /Users/cocout/Haiway/app/esp32-example/hello_world/build/log/liblog.a(log.o)
                                         0x48 (size before relaxing)
 .iram1.literal
                0x0000000040080694       0x10 /Users/cocout/Haiway/app/esp32-example/hello_world/build/newlib/libnewlib.a(locks.o)
                                         0x88 (size before relaxing)
 .iram1.literal
                0x00000000400806a4        0x8 /Users/cocout/Haiway/app/esp32-example/hello_world/build/newlib/libnewlib.a(reent_init.o)
                                         0x10 (size before relaxing)
 .iram1.literal
                0x00000000400806ac        0x0 /Users/cocout/Haiway/app/esp32-example/hello_world/build/newlib/libnewlib.a(syscalls.o)
                                         0x14 (size before relaxing)
 .iram1.literal
                0x00000000400806ac        0x0 /Users/cocout/Haiway/app/esp32-example/hello_world/build/newlib/libnewlib.a(time.o)
                                         0x1c (size before relaxing)
 .iram1.literal
                0x00000000400806ac       0x1c /Users/cocout/Haiway/app/esp32-example/hello_world/build/soc/libsoc.a(cpu_util.o)
                                         0x30 (size before relaxing)
 .iram1.literal
                0x00000000400806c8       0x1c /Users/cocout/Haiway/app/esp32-example/hello_world/build/spi_flash/libspi_flash.a(cache_utils.o)
                                         0x54 (size before relaxing)
 .iram1.literal
                0x00000000400806e4       0x38 /Users/cocout/Haiway/app/esp32-example/hello_world/build/spi_flash/libspi_flash.a(flash_ops.o)
                                         0xe4 (size before relaxing)
 .iram1.literal
                0x000000004008071c       0x50 /Users/cocout/Haiway/app/esp32-example/hello_world/build/spi_flash/libspi_flash.a(flash_mmap.o)
                                         0xc4 (size before relaxing)
 .literal.xTaskCreatePinnedToCore
                0x000000004008076c        0x0 /Users/cocout/Haiway/app/esp32-example/hello_world/build/freertos/libfreertos.a(extra.o)
                                          0x4 (size before relaxing)
 .literal.vPortCleanUpTCB
                0x000000004008076c        0x0 /Users/cocout/Haiway/app/esp32-example/hello_world/build/freertos/libfreertos.a(extra.o)
                                          0x4 (size before relaxing)
 .literal.pxPortInitialiseStack
                0x000000004008076c        0x4 /Users/cocout/Haiway/app/esp32-example/hello_world/build/freertos/libfreertos.a(port.o)
                                          0x8 (size before relaxing)
 .literal.xPortStartScheduler
                0x0000000040080770        0x4 /Users/cocout/Haiway/app/esp32-example/hello_world/build/freertos/libfreertos.a(port.o)
                                         0x14 (size before relaxing)
 .literal.xPortSysTickHandler
                0x0000000040080774        0x4 /Users/cocout/Haiway/app/esp32-example/hello_world/build/freertos/libfreertos.a(port.o)
                                          0xc (size before relaxing)
 .literal.xPortInIsrContext
                0x0000000040080778        0x0 /Users/cocout/Haiway/app/esp32-example/hello_world/build/freertos/libfreertos.a(port.o)
                                          0x8 (size before relaxing)
 .literal.vPortAssertIfInISR
                0x0000000040080778       0x10 /Users/cocout/Haiway/app/esp32-example/hello_world/build/freertos/libfreertos.a(port.o)
                                         0x28 (size before relaxing)
 .literal.vPortCPUInitializeMutex
                0x0000000040080788        0x4 /Users/cocout/Haiway/app/esp32-example/hello_world/build/freertos/libfreertos.a(port.o)
 .literal.vPortCPUAcquireMutexTimeout
                0x000000004008078c        0x0 /Users/cocout/Haiway/app/esp32-example/hello_world/build/freertos/libfreertos.a(port.o)
                                          0x4 (size before relaxing)
 .literal.vPortCPUReleaseMutex
                0x000000004008078c        0x0 /Users/cocout/Haiway/app/esp32-example/hello_world/build/freertos/libfreertos.a(port.o)
                                          0x4 (size before relaxing)
 .literal._xt_tick_divisor_init
                0x000000004008078c        0x8 /Users/cocout/Haiway/app/esp32-example/hello_world/build/freertos/libfreertos.a(xtensa_init.o)
                                          0xc (size before relaxing)
 .literal.xt_unhandled_interrupt
                0x0000000040080794        0x4 /Users/cocout/Haiway/app/esp32-example/hello_world/build/freertos/libfreertos.a(xtensa_intr.o)
                                          0x8 (size before relaxing)
 .literal.xt_set_interrupt_handler
                0x0000000040080798        0x8 /Users/cocout/Haiway/app/esp32-example/hello_world/build/freertos/libfreertos.a(xtensa_intr.o)
                                          0xc (size before relaxing)
 .literal.prvIsQueueFull
                0x00000000400807a0        0x0 /Users/cocout/Haiway/app/esp32-example/hello_world/build/freertos/libfreertos.a(queue.o)
                                          0x8 (size before relaxing)
 .literal.prvIsQueueEmpty
                0x00000000400807a0        0x0 /Users/cocout/Haiway/app/esp32-example/hello_world/build/freertos/libfreertos.a(queue.o)
                                          0x8 (size before relaxing)
 .literal.prvCopyDataToQueue
                0x00000000400807a0        0x0 /Users/cocout/Haiway/app/esp32-example/hello_world/build/freertos/libfreertos.a(queue.o)
                                          0xc (size before relaxing)
 .literal.prvNotifyQueueSetContainer
                0x00000000400807a0       0x14 /Users/cocout/Haiway/app/esp32-example/hello_world/build/freertos/libfreertos.a(queue.o)
                                         0x2c (size before relaxing)
 .literal.prvCopyDataFromQueue
                0x00000000400807b4        0x0 /Users/cocout/Haiway/app/esp32-example/hello_world/build/freertos/libfreertos.a(queue.o)
                                          0x4 (size before relaxing)
 .literal.prvUnlockQueue
                0x00000000400807b4        0x0 /Users/cocout/Haiway/app/esp32-example/hello_world/build/freertos/libfreertos.a(queue.o)
                                         0x28 (size before relaxing)
 .literal.xQueueGenericReset
                0x00000000400807b4        0x4 /Users/cocout/Haiway/app/esp32-example/hello_world/build/freertos/libfreertos.a(queue.o)
                                         0x2c (size before relaxing)
 .literal.prvInitialiseNewQueue
                0x00000000400807b8        0x0 /Users/cocout/Haiway/app/esp32-example/hello_world/build/freertos/libfreertos.a(queue.o)
                                          0x4 (size before relaxing)
 .literal.xQueueGenericCreate
                0x00000000400807b8        0x4 /Users/cocout/Haiway/app/esp32-example/hello_world/build/freertos/libfreertos.a(queue.o)
                                         0x1c (size before relaxing)
 .literal.xQueueGetMutexHolder
                0x00000000400807bc        0x0 /Users/cocout/Haiway/app/esp32-example/hello_world/build/freertos/libfreertos.a(queue.o)
                                          0x8 (size before relaxing)
 .literal.xQueueCreateCountingSemaphore
                0x00000000400807bc        0x4 /Users/cocout/Haiway/app/esp32-example/hello_world/build/freertos/libfreertos.a(queue.o)
                                         0x20 (size before relaxing)
 .literal.xQueueGenericSend
                0x00000000400807c0        0x4 /Users/cocout/Haiway/app/esp32-example/hello_world/build/freertos/libfreertos.a(queue.o)
                                         0x90 (size before relaxing)
 .literal.prvInitialiseMutex
                0x00000000400807c4        0x0 /Users/cocout/Haiway/app/esp32-example/hello_world/build/freertos/libfreertos.a(queue.o)
                                          0x4 (size before relaxing)
 .literal.xQueueCreateMutex
                0x00000000400807c4        0x0 /Users/cocout/Haiway/app/esp32-example/hello_world/build/freertos/libfreertos.a(queue.o)
                                          0x8 (size before relaxing)
 .literal.xQueueGiveMutexRecursive
                0x00000000400807c4        0x4 /Users/cocout/Haiway/app/esp32-example/hello_world/build/freertos/libfreertos.a(queue.o)
                                         0x1c (size before relaxing)
 .literal.xQueueGenericSendFromISR
                0x00000000400807c8        0x4 /Users/cocout/Haiway/app/esp32-example/hello_world/build/freertos/libfreertos.a(queue.o)
                                         0x34 (size before relaxing)
 .literal.xQueueGiveFromISR
                0x00000000400807cc        0x4 /Users/cocout/Haiway/app/esp32-example/hello_world/build/freertos/libfreertos.a(queue.o)
                                         0x30 (size before relaxing)
 .literal.xQueueReceive
                0x00000000400807d0        0x4 /Users/cocout/Haiway/app/esp32-example/hello_world/build/freertos/libfreertos.a(queue.o)
                                         0x80 (size before relaxing)
 .literal.xQueueSemaphoreTake
                0x00000000400807d4        0x4 /Users/cocout/Haiway/app/esp32-example/hello_world/build/freertos/libfreertos.a(queue.o)
                                         0xa4 (size before relaxing)
 .literal.xQueueTakeMutexRecursive
                0x00000000400807d8        0x4 /Users/cocout/Haiway/app/esp32-example/hello_world/build/freertos/libfreertos.a(queue.o)
                                         0x1c (size before relaxing)
 .literal.xQueueReceiveFromISR
                0x00000000400807dc        0x4 /Users/cocout/Haiway/app/esp32-example/hello_world/build/freertos/libfreertos.a(queue.o)
                                         0x28 (size before relaxing)
 .literal.vQueueDelete
                0x00000000400807e0        0x4 /Users/cocout/Haiway/app/esp32-example/hello_world/build/freertos/libfreertos.a(queue.o)
                                         0x18 (size before relaxing)
 .literal.vQueueWaitForMessageRestricted
                0x00000000400807e4        0x0 /Users/cocout/Haiway/app/esp32-example/hello_world/build/freertos/libfreertos.a(queue.o)
                                         0x10 (size before relaxing)
 .literal.prvResetNextTaskUnblockTime
                0x00000000400807e4        0x8 /Users/cocout/Haiway/app/esp32-example/hello_world/build/freertos/libfreertos.a(tasks.o)
 .literal.prvInitialiseNewTask
                0x00000000400807ec        0xc /Users/cocout/Haiway/app/esp32-example/hello_world/build/freertos/libfreertos.a(tasks.o)
                                         0x2c (size before relaxing)
 .literal.prvInitialiseTaskLists
                0x00000000400807f8       0x1c /Users/cocout/Haiway/app/esp32-example/hello_world/build/freertos/libfreertos.a(tasks.o)
                                         0x38 (size before relaxing)
 .literal.prvDeleteTCB
                0x0000000040080814        0x0 /Users/cocout/Haiway/app/esp32-example/hello_world/build/freertos/libfreertos.a(tasks.o)
                                          0x8 (size before relaxing)
 .literal.prvAddCurrentTaskToDelayedList
                0x0000000040080814        0x4 /Users/cocout/Haiway/app/esp32-example/hello_world/build/freertos/libfreertos.a(tasks.o)
                                         0x28 (size before relaxing)
 .literal.vTaskSuspendAll
                0x0000000040080818        0x4 /Users/cocout/Haiway/app/esp32-example/hello_world/build/freertos/libfreertos.a(tasks.o)
 .literal.pcTaskGetName
                0x000000004008081c        0x8 /Users/cocout/Haiway/app/esp32-example/hello_world/build/freertos/libfreertos.a(tasks.o)
                                         0x1c (size before relaxing)
 .literal.xTaskGetIdleTaskHandle
                0x0000000040080824        0xc /Users/cocout/Haiway/app/esp32-example/hello_world/build/freertos/libfreertos.a(tasks.o)
                                         0x1c (size before relaxing)
 .literal.xTaskIncrementTick
                0x0000000040080830       0x18 /Users/cocout/Haiway/app/esp32-example/hello_world/build/freertos/libfreertos.a(tasks.o)
                                         0x54 (size before relaxing)
 .literal.vTaskSwitchContext
                0x0000000040080848       0x14 /Users/cocout/Haiway/app/esp32-example/hello_world/build/freertos/libfreertos.a(tasks.o)
                                         0x3c (size before relaxing)
 .literal.vTaskPlaceOnEventList
                0x000000004008085c        0x8 /Users/cocout/Haiway/app/esp32-example/hello_world/build/freertos/libfreertos.a(tasks.o)
                                         0x24 (size before relaxing)
 .literal.vTaskPlaceOnEventListRestricted
                0x0000000040080864        0x8 /Users/cocout/Haiway/app/esp32-example/hello_world/build/freertos/libfreertos.a(tasks.o)
                                         0x24 (size before relaxing)
 .literal.xTaskRemoveFromEventList
                0x000000004008086c        0x8 /Users/cocout/Haiway/app/esp32-example/hello_world/build/freertos/libfreertos.a(tasks.o)
                                         0x40 (size before relaxing)
 .literal.vTaskInternalSetTimeOutState
                0x0000000040080874        0x0 /Users/cocout/Haiway/app/esp32-example/hello_world/build/freertos/libfreertos.a(tasks.o)
                                          0x8 (size before relaxing)
 .literal.vTaskMissedYield
                0x0000000040080874        0x0 /Users/cocout/Haiway/app/esp32-example/hello_world/build/freertos/libfreertos.a(tasks.o)
                                          0x4 (size before relaxing)
 .literal.vTaskSetThreadLocalStoragePointer
                0x0000000040080874        0x0 /Users/cocout/Haiway/app/esp32-example/hello_world/build/freertos/libfreertos.a(tasks.o)
                                          0x4 (size before relaxing)
 .literal.pvTaskGetThreadLocalStoragePointer
                0x0000000040080874        0x0 /Users/cocout/Haiway/app/esp32-example/hello_world/build/freertos/libfreertos.a(tasks.o)
                                          0x4 (size before relaxing)
 .literal.xTaskGetCurrentTaskHandle
                0x0000000040080874        0x0 /Users/cocout/Haiway/app/esp32-example/hello_world/build/freertos/libfreertos.a(tasks.o)
                                          0x4 (size before relaxing)
 .literal.xTaskGetSchedulerState
                0x0000000040080874        0x4 /Users/cocout/Haiway/app/esp32-example/hello_world/build/freertos/libfreertos.a(tasks.o)
                                          0x8 (size before relaxing)
 .literal.xTaskPriorityInherit
                0x0000000040080878        0x0 /Users/cocout/Haiway/app/esp32-example/hello_world/build/freertos/libfreertos.a(tasks.o)
                                         0x14 (size before relaxing)
 .literal.xTaskPriorityDisinherit
                0x0000000040080878        0xc /Users/cocout/Haiway/app/esp32-example/hello_world/build/freertos/libfreertos.a(tasks.o)
                                         0x38 (size before relaxing)
 .literal.vTaskPriorityDisinheritAfterTimeout
                0x0000000040080884        0xc /Users/cocout/Haiway/app/esp32-example/hello_world/build/freertos/libfreertos.a(tasks.o)
                                         0x38 (size before relaxing)
 .literal.vTaskEnterCritical
                0x0000000040080890        0x0 /Users/cocout/Haiway/app/esp32-example/hello_world/build/freertos/libfreertos.a(tasks.o)
                                          0xc (size before relaxing)
 .literal.vTaskExitCritical
                0x0000000040080890        0x0 /Users/cocout/Haiway/app/esp32-example/hello_world/build/freertos/libfreertos.a(tasks.o)
                                          0x8 (size before relaxing)
 .literal.prvAddNewTaskToReadyList
                0x0000000040080890        0x8 /Users/cocout/Haiway/app/esp32-example/hello_world/build/freertos/libfreertos.a(tasks.o)
                                         0x2c (size before relaxing)
 .literal.xTaskCreate
                0x0000000040080898        0x0 /Users/cocout/Haiway/app/esp32-example/hello_world/build/freertos/libfreertos.a(tasks.o)
                                         0x14 (size before relaxing)
 .literal.vTaskStartScheduler
                0x0000000040080898        0xc /Users/cocout/Haiway/app/esp32-example/hello_world/build/freertos/libfreertos.a(tasks.o)
                                         0x44 (size before relaxing)
 .literal.vTaskDelete
                0x00000000400808a4        0x8 /Users/cocout/Haiway/app/esp32-example/hello_world/build/freertos/libfreertos.a(tasks.o)
                                         0x50 (size before relaxing)
 .literal.prvCheckTasksWaitingTermination
                0x00000000400808ac        0x0 /Users/cocout/Haiway/app/esp32-example/hello_world/build/freertos/libfreertos.a(tasks.o)
                                         0x1c (size before relaxing)
 .literal.prvIdleTask
                0x00000000400808ac        0x0 /Users/cocout/Haiway/app/esp32-example/hello_world/build/freertos/libfreertos.a(tasks.o)
                                          0x4 (size before relaxing)
 .literal.xTaskResumeAll
                0x00000000400808ac        0x8 /Users/cocout/Haiway/app/esp32-example/hello_world/build/freertos/libfreertos.a(tasks.o)
                                         0x58 (size before relaxing)
 .literal.xTaskGetTickCount
                0x00000000400808b4        0x0 /Users/cocout/Haiway/app/esp32-example/hello_world/build/freertos/libfreertos.a(tasks.o)
                                          0xc (size before relaxing)
 .literal.xTaskCheckForTimeOut
                0x00000000400808b4        0xc /Users/cocout/Haiway/app/esp32-example/hello_world/build/freertos/libfreertos.a(tasks.o)
                                         0x38 (size before relaxing)
 .literal.pvTaskIncrementMutexHeldCount
                0x00000000400808c0        0x0 /Users/cocout/Haiway/app/esp32-example/hello_world/build/freertos/libfreertos.a(tasks.o)
                                          0x4 (size before relaxing)
 .literal.prvGetNextExpireTime
                0x00000000400808c0        0x4 /Users/cocout/Haiway/app/esp32-example/hello_world/build/freertos/libfreertos.a(timers.o)
 .literal.prvInsertTimerInActiveList
                0x00000000400808c4        0x4 /Users/cocout/Haiway/app/esp32-example/hello_world/build/freertos/libfreertos.a(timers.o)
                                         0x10 (size before relaxing)
 .literal.prvCheckForValidListAndQueue
                0x00000000400808c8        0xc /Users/cocout/Haiway/app/esp32-example/hello_world/build/freertos/libfreertos.a(timers.o)
                                         0x28 (size before relaxing)
 .literal.xTimerCreateTimerTask
                0x00000000400808d4       0x1c /Users/cocout/Haiway/app/esp32-example/hello_world/build/freertos/libfreertos.a(timers.o)
                                         0x30 (size before relaxing)
 .literal.xTimerGenericCommand
                0x00000000400808f0        0x4 /Users/cocout/Haiway/app/esp32-example/hello_world/build/freertos/libfreertos.a(timers.o)
                                         0x28 (size before relaxing)
 .literal.prvSwitchTimerLists
                0x00000000400808f4        0x4 /Users/cocout/Haiway/app/esp32-example/hello_world/build/freertos/libfreertos.a(timers.o)
                                         0x28 (size before relaxing)
 .literal.prvSampleTimeNow
                0x00000000400808f8        0x4 /Users/cocout/Haiway/app/esp32-example/hello_world/build/freertos/libfreertos.a(timers.o)
                                          0xc (size before relaxing)
 .literal.prvProcessExpiredTimer
                0x00000000400808fc        0x4 /Users/cocout/Haiway/app/esp32-example/hello_world/build/freertos/libfreertos.a(timers.o)
                                         0x24 (size before relaxing)
 .literal.prvProcessTimerOrBlockTask
                0x0000000040080900        0x0 /Users/cocout/Haiway/app/esp32-example/hello_world/build/freertos/libfreertos.a(timers.o)
                                         0x28 (size before relaxing)
 .literal.prvProcessReceivedCommands
                0x0000000040080900        0x8 /Users/cocout/Haiway/app/esp32-example/hello_world/build/freertos/libfreertos.a(timers.o)
                                         0x40 (size before relaxing)
 .literal.prvTimerTask
                0x0000000040080908        0x0 /Users/cocout/Haiway/app/esp32-example/hello_world/build/freertos/libfreertos.a(timers.o)
                                          0xc (size before relaxing)
 .literal       0x0000000040080908        0xc /Users/cocout/Haiway/app/esp32-example/hello_world/build/freertos/libfreertos.a(portasm.o)
                                         0x54 (size before relaxing)
 .literal       0x0000000040080914        0x0 /Users/cocout/Haiway/app/esp32-example/hello_world/build/freertos/libfreertos.a(xtensa_context.o)
                                         0x10 (size before relaxing)
 .literal.get_prev_free_block
                0x0000000040080914       0x10 /Users/cocout/Haiway/app/esp32-example/hello_world/build/heap/libheap.a(multi_heap.o)
                                         0x28 (size before relaxing)
 .literal.split_if_necessary
                0x0000000040080924       0x10 /Users/cocout/Haiway/app/esp32-example/hello_world/build/heap/libheap.a(multi_heap.o)
                                         0x50 (size before relaxing)
 .literal.assert_valid_block
                0x0000000040080934        0x0 /Users/cocout/Haiway/app/esp32-example/hello_world/build/heap/libheap.a(multi_heap.o)
                                         0x2c (size before relaxing)
 .literal.merge_adjacent
                0x0000000040080934        0x8 /Users/cocout/Haiway/app/esp32-example/hello_world/build/heap/libheap.a(multi_heap.o)
                                         0x4c (size before relaxing)
 .literal.multi_heap_get_allocated_size_impl
                0x000000004008093c        0x0 /Users/cocout/Haiway/app/esp32-example/hello_world/build/heap/libheap.a(multi_heap.o)
                                         0x10 (size before relaxing)
 .literal.multi_heap_malloc_impl
                0x000000004008093c        0x0 /Users/cocout/Haiway/app/esp32-example/hello_world/build/heap/libheap.a(multi_heap.o)
                                         0x28 (size before relaxing)
 .literal.multi_heap_free_impl
                0x000000004008093c        0x0 /Users/cocout/Haiway/app/esp32-example/hello_world/build/heap/libheap.a(multi_heap.o)
                                         0x50 (size before relaxing)
 .literal.multi_heap_realloc_impl
                0x000000004008093c        0x8 /Users/cocout/Haiway/app/esp32-example/hello_world/build/heap/libheap.a(multi_heap.o)
                                         0x68 (size before relaxing)
 .literal.panicPutChar
                0x0000000040080944        0x4 /Users/cocout/Haiway/app/esp32-example/hello_world/build/esp32/libesp32.a(panic.o)
                                          0x8 (size before relaxing)
 .literal.panicPutStr
                0x0000000040080948        0x0 /Users/cocout/Haiway/app/esp32-example/hello_world/build/esp32/libesp32.a(panic.o)
                                          0x4 (size before relaxing)
 .literal.panicPutHex
                0x0000000040080948        0x0 /Users/cocout/Haiway/app/esp32-example/hello_world/build/esp32/libesp32.a(panic.o)
                                          0x8 (size before relaxing)
 .literal.panicPutDec
                0x0000000040080948        0x4 /Users/cocout/Haiway/app/esp32-example/hello_world/build/esp32/libesp32.a(panic.o)
                                         0x10 (size before relaxing)
 .literal.reconfigureAllWdts
                0x000000004008094c       0x10 /Users/cocout/Haiway/app/esp32-example/hello_world/build/esp32/libesp32.a(panic.o)
                                         0x24 (size before relaxing)
 .literal.putEntry
                0x000000004008095c       0x10 /Users/cocout/Haiway/app/esp32-example/hello_world/build/esp32/libesp32.a(panic.o)
                                         0x20 (size before relaxing)
 .literal.doBacktrace
                0x000000004008096c       0x10 /Users/cocout/Haiway/app/esp32-example/hello_world/build/esp32/libesp32.a(panic.o)
                                         0x24 (size before relaxing)
 .literal.invoke_abort
                0x000000004008097c        0x4 /Users/cocout/Haiway/app/esp32-example/hello_world/build/esp32/libesp32.a(panic.o)
                                          0x8 (size before relaxing)
 .literal.haltOtherCore
                0x0000000040080980        0x0 /Users/cocout/Haiway/app/esp32-example/hello_world/build/esp32/libesp32.a(panic.o)
                                          0x4 (size before relaxing)
 .literal.esp_panic_wdt_start
                0x0000000040080980       0x14 /Users/cocout/Haiway/app/esp32-example/hello_world/build/esp32/libesp32.a(panic.o)
                                         0x2c (size before relaxing)
 .literal.commonErrorHandler_dump
                0x0000000040080994       0x2c /Users/cocout/Haiway/app/esp32-example/hello_world/build/esp32/libesp32.a(panic.o)
                                         0x8c (size before relaxing)
 .literal.esp_panic_dig_reset
                0x00000000400809c0        0x0 /Users/cocout/Haiway/app/esp32-example/hello_world/build/esp32/libesp32.a(panic.o)
                                         0x14 (size before relaxing)
 .literal.abort
                0x00000000400809c0        0x8 /Users/cocout/Haiway/app/esp32-example/hello_world/build/esp32/libesp32.a(panic.o)
                                         0x10 (size before relaxing)
 .literal.vApplicationStackOverflowHook
                0x00000000400809c8        0x8 /Users/cocout/Haiway/app/esp32-example/hello_world/build/esp32/libesp32.a(panic.o)
                                         0x18 (size before relaxing)
 .literal.esp_panic_wdt_stop
                0x00000000400809d0        0x0 /Users/cocout/Haiway/app/esp32-example/hello_world/build/esp32/libesp32.a(panic.o)
                                         0x18 (size before relaxing)
 .literal.commonErrorHandler
                0x00000000400809d0        0x4 /Users/cocout/Haiway/app/esp32-example/hello_world/build/esp32/libesp32.a(panic.o)
                                         0x20 (size before relaxing)
 .literal.panicHandler
                0x00000000400809d4       0x34 /Users/cocout/Haiway/app/esp32-example/hello_world/build/esp32/libesp32.a(panic.o)
                                         0x98 (size before relaxing)
 .literal.xt_unhandled_exception
                0x0000000040080a08       0x18 /Users/cocout/Haiway/app/esp32-example/hello_world/build/esp32/libesp32.a(panic.o)
                                         0x60 (size before relaxing)
 .literal._esp_error_check_failed
                0x0000000040080a20       0x14 /Users/cocout/Haiway/app/esp32-example/hello_world/build/esp32/libesp32.a(panic.o)
                                         0x30 (size before relaxing)
 .literal.rtc_clk_32k_enable_internal
                0x0000000040080a34       0x14 /Users/cocout/Haiway/app/esp32-example/hello_world/build/soc/libsoc.a(rtc_clk.o)
 .literal.rtc_clk_32k_enable
                0x0000000040080a48        0x4 /Users/cocout/Haiway/app/esp32-example/hello_world/build/soc/libsoc.a(rtc_clk.o)
                                          0xc (size before relaxing)
 .literal.rtc_clk_32k_bootstrap
                0x0000000040080a4c       0x10 /Users/cocout/Haiway/app/esp32-example/hello_world/build/soc/libsoc.a(rtc_clk.o)
                                         0x34 (size before relaxing)
 .literal.rtc_clk_slow_freq_set
                0x0000000040080a5c        0x4 /Users/cocout/Haiway/app/esp32-example/hello_world/build/soc/libsoc.a(rtc_clk.o)
                                          0xc (size before relaxing)
 .literal.rtc_clk_slow_freq_get
                0x0000000040080a60        0x0 /Users/cocout/Haiway/app/esp32-example/hello_world/build/soc/libsoc.a(rtc_clk.o)
                                          0x4 (size before relaxing)
 .literal.rtc_clk_slow_freq_get_hz
                0x0000000040080a60        0xc /Users/cocout/Haiway/app/esp32-example/hello_world/build/soc/libsoc.a(rtc_clk.o)
                                         0x10 (size before relaxing)
 .literal.rtc_clk_fast_freq_set
                0x0000000040080a6c        0x4 /Users/cocout/Haiway/app/esp32-example/hello_world/build/soc/libsoc.a(rtc_clk.o)
                                          0xc (size before relaxing)
 .literal.rtc_clk_bbpll_set
                0x0000000040080a70        0xc /Users/cocout/Haiway/app/esp32-example/hello_world/build/soc/libsoc.a(rtc_clk.o)
                                         0x38 (size before relaxing)
 .literal.rtc_clk_xtal_freq_get
                0x0000000040080a7c        0xc /Users/cocout/Haiway/app/esp32-example/hello_world/build/soc/libsoc.a(rtc_clk.o)
                                         0x1c (size before relaxing)
 .literal.rtc_clk_cpu_freq_get
                0x0000000040080a88       0x14 /Users/cocout/Haiway/app/esp32-example/hello_world/build/soc/libsoc.a(rtc_clk.o)
                                         0x28 (size before relaxing)
 .literal.rtc_clk_cpu_freq_value
                0x0000000040080a9c       0x1c /Users/cocout/Haiway/app/esp32-example/hello_world/build/soc/libsoc.a(rtc_clk.o)
                                         0x2c (size before relaxing)
 .literal.rtc_clk_apb_freq_update
                0x0000000040080ab8        0x4 /Users/cocout/Haiway/app/esp32-example/hello_world/build/soc/libsoc.a(rtc_clk.o)
                                          0x8 (size before relaxing)
 .literal.rtc_clk_cpu_freq_set
                0x0000000040080abc       0x1c /Users/cocout/Haiway/app/esp32-example/hello_world/build/soc/libsoc.a(rtc_clk.o)
                                         0x78 (size before relaxing)
 .literal.rtc_clk_apb_freq_get
                0x0000000040080ad8        0x8 /Users/cocout/Haiway/app/esp32-example/hello_world/build/soc/libsoc.a(rtc_clk.o)
                                         0x14 (size before relaxing)
 .literal.rtc_init
                0x0000000040080ae0       0x84 /Users/cocout/Haiway/app/esp32-example/hello_world/build/soc/libsoc.a(rtc_init.o)
                                         0xb8 (size before relaxing)
 .literal.rtc_clk_cal_internal
                0x0000000040080b64       0x10 /Users/cocout/Haiway/app/esp32-example/hello_world/build/soc/libsoc.a(rtc_time.o)
                                         0x3c (size before relaxing)
 .literal.rtc_clk_cal
                0x0000000040080b74        0x0 /Users/cocout/Haiway/app/esp32-example/hello_world/build/soc/libsoc.a(rtc_time.o)
                                          0xc (size before relaxing)
 .literal.rtc_time_get
                0x0000000040080b74       0x10 /Users/cocout/Haiway/app/esp32-example/hello_world/build/soc/libsoc.a(rtc_time.o)
                                         0x18 (size before relaxing)
 .literal.rtc_clk_wait_for_slow_cycle
                0x0000000040080b84        0x8 /Users/cocout/Haiway/app/esp32-example/hello_world/build/soc/libsoc.a(rtc_time.o)
                                         0x20 (size before relaxing)
 .literal       0x0000000040080b8c        0x0 /Users/cocout/esp/esp-idf/components/esp32/libhal.a(windowspill_asm.o)
                                          0x4 (size before relaxing)
 .literal.esp_rom_spiflash_read_status
                0x0000000040080b8c       0x10 /Users/cocout/Haiway/app/esp32-example/hello_world/build/spi_flash/libspi_flash.a(spi_flash_rom_patch.o)
                                         0x14 (size before relaxing)
 .literal.esp_rom_spiflash_wait_idle
                0x0000000040080b9c        0x8 /Users/cocout/Haiway/app/esp32-example/hello_world/build/spi_flash/libspi_flash.a(spi_flash_rom_patch.o)
                                          0xc (size before relaxing)
 .literal.esp_rom_spiflash_erase_block_internal
                0x0000000040080ba4        0x4 /Users/cocout/Haiway/app/esp32-example/hello_world/build/spi_flash/libspi_flash.a(spi_flash_rom_patch.o)
                                         0x18 (size before relaxing)
 .literal.esp_rom_spiflash_erase_sector_internal
                0x0000000040080ba8        0x0 /Users/cocout/Haiway/app/esp32-example/hello_world/build/spi_flash/libspi_flash.a(spi_flash_rom_patch.o)
                                         0x18 (size before relaxing)
 .literal.esp_rom_spiflash_read_data
                0x0000000040080ba8        0x8 /Users/cocout/Haiway/app/esp32-example/hello_world/build/spi_flash/libspi_flash.a(spi_flash_rom_patch.o)
                                         0x18 (size before relaxing)
 .literal.esp_rom_spiflash_enable_write
                0x0000000040080bb0        0x0 /Users/cocout/Haiway/app/esp32-example/hello_world/build/spi_flash/libspi_flash.a(spi_flash_rom_patch.o)
                                         0x10 (size before relaxing)
 .literal.esp_rom_spiflash_program_page_internal
                0x0000000040080bb0        0x4 /Users/cocout/Haiway/app/esp32-example/hello_world/build/spi_flash/libspi_flash.a(spi_flash_rom_patch.o)
                                         0x24 (size before relaxing)
 .literal.esp_rom_spiflash_read_statushigh
                0x0000000040080bb4        0x4 /Users/cocout/Haiway/app/esp32-example/hello_world/build/spi_flash/libspi_flash.a(spi_flash_rom_patch.o)
                                          0xc (size before relaxing)
 .literal.esp_rom_spiflash_write_status
                0x0000000040080bb8        0x4 /Users/cocout/Haiway/app/esp32-example/hello_world/build/spi_flash/libspi_flash.a(spi_flash_rom_patch.o)
                                         0x14 (size before relaxing)
 .literal.esp_rom_spiflash_unlock
                0x0000000040080bbc        0x8 /Users/cocout/Haiway/app/esp32-example/hello_world/build/spi_flash/libspi_flash.a(spi_flash_rom_patch.o)
                                         0x28 (size before relaxing)
 .literal.esp_rom_spiflash_erase_block
                0x0000000040080bc4        0xc /Users/cocout/Haiway/app/esp32-example/hello_world/build/spi_flash/libspi_flash.a(spi_flash_rom_patch.o)
                                         0x20 (size before relaxing)
 .literal.esp_rom_spiflash_erase_sector
                0x0000000040080bd0        0x0 /Users/cocout/Haiway/app/esp32-example/hello_world/build/spi_flash/libspi_flash.a(spi_flash_rom_patch.o)
                                         0x20 (size before relaxing)
 .literal.esp_rom_spiflash_write
                0x0000000040080bd0        0x0 /Users/cocout/Haiway/app/esp32-example/hello_world/build/spi_flash/libspi_flash.a(spi_flash_rom_patch.o)
                                         0x28 (size before relaxing)
 .literal.esp_rom_spiflash_write_encrypted
                0x0000000040080bd0        0xc /Users/cocout/Haiway/app/esp32-example/hello_world/build/spi_flash/libspi_flash.a(spi_flash_rom_patch.o)
                                         0x10 (size before relaxing)
 .literal.esp_rom_spiflash_read
                0x0000000040080bdc       0x30 /Users/cocout/Haiway/app/esp32-example/hello_world/build/spi_flash/libspi_flash.a(spi_flash_rom_patch.o)
                                         0x5c (size before relaxing)
 .literal       0x0000000040080c0c       0x10 /Users/cocout/esp/esp-idf/components/newlib/lib/libm.a(lib_a-s_fpclassify.o)
                                         0x18 (size before relaxing)
 .iram1         0x0000000040080c1c      0x222 /Users/cocout/Haiway/app/esp32-example/hello_world/build/esp32/libesp32.a(cpu_start.o)
                                        0x2ae (size before relaxing)
                0x0000000040080c1c                start_cpu0
                0x0000000040080c1c                start_cpu0_default
                0x0000000040080d60                call_start_cpu0
 *fill*         0x0000000040080e3e        0x2 
 .iram1         0x0000000040080e40       0xac /Users/cocout/Haiway/app/esp32-example/hello_world/build/esp32/libesp32.a(crosscore_int.o)
                                         0xbc (size before relaxing)
                0x0000000040080ed4                esp_crosscore_int_send_yield
                0x0000000040080ee0                esp_crosscore_int_send_freq_switch
 .iram1         0x0000000040080eec      0x1fd /Users/cocout/Haiway/app/esp32-example/hello_world/build/esp32/libesp32.a(esp_timer.o)
                                        0x211 (size before relaxing)
                0x0000000040081000                esp_timer_stop
                0x0000000040081024                esp_timer_get_next_alarm
                0x0000000040081044                esp_timer_get_time
                0x0000000040081054                esp_timer_start_once
                0x0000000040081098                esp_timer_start_periodic
 *fill*         0x00000000400810e9        0x3 
 .iram1         0x00000000400810ec      0x4a7 /Users/cocout/Haiway/app/esp32-example/hello_world/build/esp32/libesp32.a(esp_timer_esp32.o)
                                        0x4bb (size before relaxing)
                0x0000000040081210                esp_timer_impl_get_time
                0x0000000040081380                esp_timer_impl_set_alarm
                0x00000000400814c4                esp_timer_impl_update_apb_freq
                0x0000000040081588                esp_timer_impl_get_min_period_us
 *fill*         0x0000000040081593        0x1 
 .iram1         0x0000000040081594       0x3b /Users/cocout/Haiway/app/esp32-example/hello_world/build/esp32/libesp32.a(int_wdt.o)
 *fill*         0x00000000400815cf        0x1 
 .iram1         0x00000000400815d0      0x28e /Users/cocout/Haiway/app/esp32-example/hello_world/build/esp32/libesp32.a(intr_alloc.o)
                                        0x2b6 (size before relaxing)
                0x0000000040081604                esp_intr_set_in_iram
                0x0000000040081680                esp_intr_enable
                0x0000000040081700                esp_intr_disable
                0x00000000400817bc                esp_intr_noniram_disable
                0x0000000040081808                esp_intr_noniram_enable
                0x0000000040081848                ets_isr_unmask
                0x0000000040081854                ets_isr_mask
 *fill*         0x000000004008185e        0x2 
 .iram1         0x0000000040081860       0x7b /Users/cocout/Haiway/app/esp32-example/hello_world/build/esp32/libesp32.a(ipc.o)
                                         0x87 (size before relaxing)
 *fill*         0x00000000400818db        0x1 
 .iram1         0x00000000400818dc      0x179 /Users/cocout/Haiway/app/esp32-example/hello_world/build/esp32/libesp32.a(system_api.o)
                                        0x19c (size before relaxing)
                0x00000000400818dc                esp_restart_noos
                0x0000000040081a34                esp_restart
                0x0000000040081a34                system_restart
 *fill*         0x0000000040081a55        0x3 
 .iram1         0x0000000040081a58       0x73 /Users/cocout/Haiway/app/esp32-example/hello_world/build/esp32/libesp32.a(dport_panic_highint_hdl.o)
                0x0000000040081a58                xt_highint4
                0x0000000040081acb                ld_include_panic_highint_hdl
 *fill*         0x0000000040081acb        0x1 
 .iram1         0x0000000040081acc       0x37 /Users/cocout/Haiway/app/esp32-example/hello_world/build/esp32/libesp32.a(clk.o)
                0x0000000040081acc                esp_clk_cpu_freq
                0x0000000040081adc                esp_clk_apb_freq
                0x0000000040081af4                ets_update_cpu_frequency
 *fill*         0x0000000040081b03        0x1 
 .iram1         0x0000000040081b04       0x1a /Users/cocout/Haiway/app/esp32-example/hello_world/build/freertos/libfreertos.a(port.o)
                0x0000000040081b04                xPortInterruptedFromISRContext
 *fill*         0x0000000040081b1e        0x2 
 .iram1         0x0000000040081b20      0x484 /Users/cocout/Haiway/app/esp32-example/hello_world/build/freertos/libfreertos.a(xtensa_vectors.o)
                0x0000000040081b20                _xt_panic
                0x0000000040081c2c                _xt_user_exit
                0x0000000040081f00                _xt_medint2_exit
                0x0000000040081f90                _xt_medint3_exit
 .iram1         0x0000000040081fa4      0x3dd /Users/cocout/Haiway/app/esp32-example/hello_world/build/heap/libheap.a(heap_caps.o)
                                        0x3f5 (size before relaxing)
                0x0000000040082034                heap_caps_malloc
                0x00000000400820d0                heap_caps_malloc_default
                0x0000000040082114                heap_caps_malloc_prefer
                0x000000004008216c                heap_caps_free
                0x00000000400821a4                heap_caps_realloc
                0x0000000040082250                heap_caps_realloc_default
                0x00000000400822a8                heap_caps_realloc_prefer
                0x000000004008230c                heap_caps_calloc
                0x000000004008232c                heap_caps_calloc_prefer
 *fill*         0x0000000040082381        0x3 
 .iram1         0x0000000040082384      0x18a /Users/cocout/Haiway/app/esp32-example/hello_world/build/log/liblog.a(log.o)
                                        0x196 (size before relaxing)
                0x0000000040082384                esp_log_write
                0x00000000400824b4                esp_log_early_timestamp
                0x00000000400824d0                esp_log_timestamp
 *fill*         0x000000004008250e        0x2 
 .iram1         0x0000000040082510      0x1bc /Users/cocout/Haiway/app/esp32-example/hello_world/build/newlib/libnewlib.a(locks.o)
                                        0x1f8 (size before relaxing)
                0x0000000040082620                _lock_init
                0x0000000040082630                _lock_init_recursive
                0x0000000040082640                _lock_close
                0x0000000040082674                _lock_acquire
                0x0000000040082684                _lock_acquire_recursive
                0x0000000040082694                _lock_try_acquire
                0x00000000400826a4                _lock_try_acquire_recursive
                0x00000000400826b4                _lock_release
                0x00000000400826c0                _lock_release_recursive
 .iram1         0x00000000400826cc       0x3c /Users/cocout/Haiway/app/esp32-example/hello_world/build/newlib/libnewlib.a(reent_init.o)
                0x00000000400826cc                esp_reent_init
 .iram1         0x0000000040082708       0x4a /Users/cocout/Haiway/app/esp32-example/hello_world/build/newlib/libnewlib.a(syscalls.o)
                                         0x52 (size before relaxing)
                0x0000000040082708                _malloc_r
                0x0000000040082714                _free_r
                0x0000000040082720                _realloc_r
                0x0000000040082734                _calloc_r
 *fill*         0x0000000040082752        0x2 
 .iram1         0x0000000040082754       0x6c /Users/cocout/Haiway/app/esp32-example/hello_world/build/newlib/libnewlib.a(time.o)
                                         0x74 (size before relaxing)
                0x0000000040082754                _gettimeofday_r
                0x0000000040082798                _times_r
 .iram1         0x00000000400827c0      0x11a /Users/cocout/Haiway/app/esp32-example/hello_world/build/soc/libsoc.a(cpu_util.o)
                0x00000000400827c0                esp_cpu_stall
                0x0000000040082854                esp_cpu_unstall
                0x00000000400828a8                esp_cpu_reset
                0x00000000400828cc                esp_cpu_in_ocd_debug_mode
 *fill*         0x00000000400828da        0x2 
 .iram1         0x00000000400828dc      0x135 /Users/cocout/Haiway/app/esp32-example/hello_world/build/spi_flash/libspi_flash.a(cache_utils.o)
                                        0x145 (size before relaxing)
                0x00000000400829a4                spi_flash_disable_interrupts_caches_and_other_cpu
                0x00000000400829b8                spi_flash_enable_interrupts_caches_and_other_cpu
                0x00000000400829d0                spi_flash_disable_interrupts_caches_and_other_cpu_no_os
                0x00000000400829e0                spi_flash_enable_interrupts_caches_no_os
                0x00000000400829f8                spi_flash_cache_enabled
 *fill*         0x0000000040082a11        0x3 
 .iram1         0x0000000040082a14      0x722 /Users/cocout/Haiway/app/esp32-example/hello_world/build/spi_flash/libspi_flash.a(flash_ops.o)
                                        0x74a (size before relaxing)
                0x0000000040082a84                spi_flash_guard_set
                0x0000000040082a90                spi_flash_guard_get
                0x0000000040082a9c                spi_flash_get_chip_size
                0x0000000040082aa8                spi_flash_erase_range
                0x0000000040082b60                spi_flash_erase_sector
                0x0000000040082b84                spi_flash_write
                0x0000000040082d4c                spi_flash_read
                0x0000000040082fe4                spi_flash_read_encrypted
                0x000000004008302c                spi_flash_write_encrypted
 *fill*         0x0000000040083136        0x2 
 .iram1         0x0000000040083138      0x42e /Users/cocout/Haiway/app/esp32-example/hello_world/build/spi_flash/libspi_flash.a(flash_mmap.o)
                                        0x43a (size before relaxing)
                0x0000000040083240                spi_flash_mmap_pages
                0x0000000040083408                spi_flash_mmap
                0x0000000040083478                spi_flash_munmap
                0x000000004008351c                spi_flash_mark_modified_region
 *fill*         0x0000000040083566        0x2 
 .iram1         0x0000000040083568       0x20 /Users/cocout/Haiway/app/esp32-example/hello_world/build/esp32/libesp32.a(dbg_stubs.o)
 *fill*         0x0000000040083588        0x0 
 *fill*         0x0000000040083588        0x0 
 *fill*         0x0000000040083588        0x0 
 *fill*         0x0000000040083588        0x0 
 *fill*         0x0000000040083588        0x0 
 *fill*         0x0000000040083588        0x0 
 *fill*         0x0000000040083588        0x0 
 .iram1         0x0000000040083588       0x6e /Users/cocout/Haiway/app/esp32-example/hello_world/build/esp32/libesp32.a(dport_access.o)
                0x0000000040083588                esp_dport_access_stall_other_cpu_start
                0x0000000040083590                esp_dport_access_stall_other_cpu_end
                0x0000000040083598                esp_dport_access_stall_other_cpu_start_wrap
                0x00000000400835a0                esp_dport_access_stall_other_cpu_end_wrap
                0x00000000400835a8                esp_dport_access_int_pause
                0x00000000400835b0                esp_dport_access_int_abort
                0x00000000400835b8                esp_dport_access_int_resume
                0x00000000400835c0                esp_dport_access_read_buffer
                0x00000000400835e0                esp_dport_access_reg_read
                0x00000000400835ec                esp_dport_access_sequence_reg_read
 *fill*         0x00000000400835f6        0x0 
 *fill*         0x00000000400835f6        0x2 
 .iram1         0x00000000400835f8       0x2e /Users/cocout/Haiway/app/esp32-example/hello_world/build/freertos/libfreertos.a(xtensa_vector_defaults.o)
                0x00000000400835f8                xt_debugexception
                0x0000000040083618                xt_highint5
                0x0000000040083620                _xt_nmi
                0x0000000040083620                xt_nmi
 *fill*         0x0000000040083626        0x0 
 *fill*         0x0000000040083626        0x0 
 *fill*         0x0000000040083626        0x0 
 *fill*         0x0000000040083626        0x0 
 *fill*         0x0000000040083626        0x0 
 *fill*         0x0000000040083626        0x0 
 *fill*         0x0000000040083626        0x0 
 *libfreertos.a:(.literal .text .literal.* .text.*)
 *fill*         0x0000000040083626        0x2 
 .text.xTaskCreatePinnedToCore
                0x0000000040083628       0x1a /Users/cocout/Haiway/app/esp32-example/hello_world/build/freertos/libfreertos.a(extra.o)
                0x0000000040083628                xTaskCreatePinnedToCore
 *fill*         0x0000000040083642        0x2 
 .text.vPortCleanUpTCB
                0x0000000040083644        0xa /Users/cocout/Haiway/app/esp32-example/hello_world/build/freertos/libfreertos.a(extra.o)
                                          0xe (size before relaxing)
                0x0000000040083644                vPortCleanUpTCB
 *fill*         0x000000004008364e        0x2 
 .text.pxPortInitialiseStack
                0x0000000040083650       0x50 /Users/cocout/Haiway/app/esp32-example/hello_world/build/freertos/libfreertos.a(port.o)
                0x0000000040083650                pxPortInitialiseStack
 .text.xPortStartScheduler
                0x00000000400836a0       0x22 /Users/cocout/Haiway/app/esp32-example/hello_world/build/freertos/libfreertos.a(port.o)
                                         0x2e (size before relaxing)
                0x00000000400836a0                xPortStartScheduler
 *fill*         0x00000000400836c2        0x2 
 .text.xPortSysTickHandler
                0x00000000400836c4       0x1c /Users/cocout/Haiway/app/esp32-example/hello_world/build/freertos/libfreertos.a(port.o)
                                         0x20 (size before relaxing)
                0x00000000400836c4                xPortSysTickHandler
 .text.xPortInIsrContext
                0x00000000400836e0       0x26 /Users/cocout/Haiway/app/esp32-example/hello_world/build/freertos/libfreertos.a(port.o)
                0x00000000400836e0                xPortInIsrContext
 *fill*         0x0000000040083706        0x2 
 .text.vPortAssertIfInISR
                0x0000000040083708       0x3c /Users/cocout/Haiway/app/esp32-example/hello_world/build/freertos/libfreertos.a(port.o)
                                         0x46 (size before relaxing)
                0x0000000040083708                vPortAssertIfInISR
 *fill*         0x0000000040083744        0x0 
 .text.vPortCPUInitializeMutex
                0x0000000040083744        0xe /Users/cocout/Haiway/app/esp32-example/hello_world/build/freertos/libfreertos.a(port.o)
                0x0000000040083744                vPortCPUInitializeMutex
 *fill*         0x0000000040083752        0x2 
 .text.vPortCPUAcquireMutexTimeout
                0x0000000040083754       0x10 /Users/cocout/Haiway/app/esp32-example/hello_world/build/freertos/libfreertos.a(port.o)
                0x0000000040083754                vPortCPUAcquireMutexTimeout
 .text.vPortCPUReleaseMutex
                0x0000000040083764        0xe /Users/cocout/Haiway/app/esp32-example/hello_world/build/freertos/libfreertos.a(port.o)
                0x0000000040083764                vPortCPUReleaseMutex
 *fill*         0x0000000040083772        0x2 
 .text._xt_tick_divisor_init
                0x0000000040083774       0x1c /Users/cocout/Haiway/app/esp32-example/hello_world/build/freertos/libfreertos.a(xtensa_init.o)
                                         0x1f (size before relaxing)
                0x0000000040083774                _xt_tick_divisor_init
 *fill*         0x0000000040083790        0x0 
 .text.xt_unhandled_interrupt
                0x0000000040083790       0x16 /Users/cocout/Haiway/app/esp32-example/hello_world/build/freertos/libfreertos.a(xtensa_intr.o)
                0x0000000040083790                xt_unhandled_interrupt
 *fill*         0x00000000400837a6        0x2 
 .text.xt_set_interrupt_handler
                0x00000000400837a8       0x46 /Users/cocout/Haiway/app/esp32-example/hello_world/build/freertos/libfreertos.a(xtensa_intr.o)
                0x00000000400837a8                xt_set_interrupt_handler
 *fill*         0x00000000400837ee        0x2 
 .text.prvIsQueueFull
                0x00000000400837f0       0x1f /Users/cocout/Haiway/app/esp32-example/hello_world/build/freertos/libfreertos.a(queue.o)
                                         0x22 (size before relaxing)
 *fill*         0x000000004008380f        0x1 
 .text.prvIsQueueEmpty
                0x0000000040083810       0x1c /Users/cocout/Haiway/app/esp32-example/hello_world/build/freertos/libfreertos.a(queue.o)
                                         0x1f (size before relaxing)
 *fill*         0x000000004008382c        0x0 
 .text.prvCopyDataToQueue
                0x000000004008382c       0x91 /Users/cocout/Haiway/app/esp32-example/hello_world/build/freertos/libfreertos.a(queue.o)
 *fill*         0x00000000400838bd        0x3 
 .text.prvNotifyQueueSetContainer
                0x00000000400838c0       0x86 /Users/cocout/Haiway/app/esp32-example/hello_world/build/freertos/libfreertos.a(queue.o)
                                         0x92 (size before relaxing)
 *fill*         0x0000000040083946        0x2 
 .text.prvCopyDataFromQueue
                0x0000000040083948       0x24 /Users/cocout/Haiway/app/esp32-example/hello_world/build/freertos/libfreertos.a(queue.o)
 .text.prvUnlockQueue
                0x000000004008396c       0x8d /Users/cocout/Haiway/app/esp32-example/hello_world/build/freertos/libfreertos.a(queue.o)
                                         0xa4 (size before relaxing)
 *fill*         0x00000000400839f9        0x3 
 .text.xQueueGenericReset
                0x00000000400839fc       0x78 /Users/cocout/Haiway/app/esp32-example/hello_world/build/freertos/libfreertos.a(queue.o)
                                         0x8c (size before relaxing)
                0x00000000400839fc                xQueueGenericReset
 .text.prvInitialiseNewQueue
                0x0000000040083a74       0x1f /Users/cocout/Haiway/app/esp32-example/hello_world/build/freertos/libfreertos.a(queue.o)
                                         0x23 (size before relaxing)
 *fill*         0x0000000040083a93        0x1 
 .text.xQueueGenericCreate
                0x0000000040083a94       0x45 /Users/cocout/Haiway/app/esp32-example/hello_world/build/freertos/libfreertos.a(queue.o)
                                         0x4d (size before relaxing)
                0x0000000040083a94                xQueueGenericCreate
 *fill*         0x0000000040083ad9        0x3 
 .text.xQueueGetMutexHolder
                0x0000000040083adc       0x19 /Users/cocout/Haiway/app/esp32-example/hello_world/build/freertos/libfreertos.a(queue.o)
                                         0x1c (size before relaxing)
                0x0000000040083adc                xQueueGetMutexHolder
 *fill*         0x0000000040083af5        0x3 
 .text.xQueueCreateCountingSemaphore
                0x0000000040083af8       0x4c /Users/cocout/Haiway/app/esp32-example/hello_world/build/freertos/libfreertos.a(queue.o)
                                         0x50 (size before relaxing)
                0x0000000040083af8                xQueueCreateCountingSemaphore
 .text.xQueueGenericSend
                0x0000000040083b44      0x17f /Users/cocout/Haiway/app/esp32-example/hello_world/build/freertos/libfreertos.a(queue.o)
                                        0x1cb (size before relaxing)
                0x0000000040083b44                xQueueGenericSend
 *fill*         0x0000000040083cc3        0x1 
 .text.prvInitialiseMutex
                0x0000000040083cc4       0x1b /Users/cocout/Haiway/app/esp32-example/hello_world/build/freertos/libfreertos.a(queue.o)
 *fill*         0x0000000040083cdf        0x1 
 .text.xQueueCreateMutex
                0x0000000040083ce0       0x16 /Users/cocout/Haiway/app/esp32-example/hello_world/build/freertos/libfreertos.a(queue.o)
                                         0x1a (size before relaxing)
                0x0000000040083ce0                xQueueCreateMutex
 *fill*         0x0000000040083cf6        0x2 
 .text.xQueueGiveMutexRecursive
                0x0000000040083cf8       0x48 /Users/cocout/Haiway/app/esp32-example/hello_world/build/freertos/libfreertos.a(queue.o)
                                         0x4c (size before relaxing)
                0x0000000040083cf8                xQueueGiveMutexRecursive
 .text.xQueueGenericSendFromISR
                0x0000000040083d40       0xe6 /Users/cocout/Haiway/app/esp32-example/hello_world/build/freertos/libfreertos.a(queue.o)
                                         0xf6 (size before relaxing)
                0x0000000040083d40                xQueueGenericSendFromISR
 *fill*         0x0000000040083e26        0x2 
 .text.xQueueGiveFromISR
                0x0000000040083e28       0xda /Users/cocout/Haiway/app/esp32-example/hello_world/build/freertos/libfreertos.a(queue.o)
                                         0xe6 (size before relaxing)
                0x0000000040083e28                xQueueGiveFromISR
 *fill*         0x0000000040083f02        0x2 
 .text.xQueueReceive
                0x0000000040083f04      0x12f /Users/cocout/Haiway/app/esp32-example/hello_world/build/freertos/libfreertos.a(queue.o)
                                        0x177 (size before relaxing)
                0x0000000040083f04                xQueueReceive
 *fill*         0x0000000040084033        0x1 
 .text.xQueueSemaphoreTake
                0x0000000040084034      0x17a /Users/cocout/Haiway/app/esp32-example/hello_world/build/freertos/libfreertos.a(queue.o)
                                        0x1d6 (size before relaxing)
                0x0000000040084034                xQueueSemaphoreTake
 *fill*         0x00000000400841ae        0x2 
 .text.xQueueTakeMutexRecursive
                0x00000000400841b0       0x4a /Users/cocout/Haiway/app/esp32-example/hello_world/build/freertos/libfreertos.a(queue.o)
                0x00000000400841b0                xQueueTakeMutexRecursive
 *fill*         0x00000000400841fa        0x2 
 .text.xQueueReceiveFromISR
                0x00000000400841fc       0xa2 /Users/cocout/Haiway/app/esp32-example/hello_world/build/freertos/libfreertos.a(queue.o)
                                         0xae (size before relaxing)
                0x00000000400841fc                xQueueReceiveFromISR
 *fill*         0x000000004008429e        0x2 
 .text.vQueueDelete
                0x00000000400842a0       0x25 /Users/cocout/Haiway/app/esp32-example/hello_world/build/freertos/libfreertos.a(queue.o)
                                         0x28 (size before relaxing)
                0x00000000400842a0                vQueueDelete
 *fill*         0x00000000400842c5        0x3 
 .text.vQueueWaitForMessageRestricted
                0x00000000400842c8       0x45 /Users/cocout/Haiway/app/esp32-example/hello_world/build/freertos/libfreertos.a(queue.o)
                                         0x50 (size before relaxing)
                0x00000000400842c8                vQueueWaitForMessageRestricted
 *fill*         0x000000004008430d        0x3 
 .text.prvResetNextTaskUnblockTime
                0x0000000040084310       0x38 /Users/cocout/Haiway/app/esp32-example/hello_world/build/freertos/libfreertos.a(tasks.o)
 .text.prvInitialiseNewTask
                0x0000000040084348       0xd6 /Users/cocout/Haiway/app/esp32-example/hello_world/build/freertos/libfreertos.a(tasks.o)
                                         0xe2 (size before relaxing)
 *fill*         0x000000004008441e        0x2 
 .text.prvInitialiseTaskLists
                0x0000000040084420       0x55 /Users/cocout/Haiway/app/esp32-example/hello_world/build/freertos/libfreertos.a(tasks.o)
                                         0x65 (size before relaxing)
 *fill*         0x0000000040084475        0x3 
 .text.prvDeleteTCB
                0x0000000040084478       0x10 /Users/cocout/Haiway/app/esp32-example/hello_world/build/freertos/libfreertos.a(tasks.o)
                                         0x17 (size before relaxing)
 *fill*         0x0000000040084488        0x0 
 .text.prvAddCurrentTaskToDelayedList
                0x0000000040084488       0x9a /Users/cocout/Haiway/app/esp32-example/hello_world/build/freertos/libfreertos.a(tasks.o)
                                         0x9e (size before relaxing)
 *fill*         0x0000000040084522        0x2 
 .text.vTaskSuspendAll
                0x0000000040084524       0x14 /Users/cocout/Haiway/app/esp32-example/hello_world/build/freertos/libfreertos.a(tasks.o)
                0x0000000040084524                vTaskSuspendAll
 .text.pcTaskGetName
                0x0000000040084538       0x29 /Users/cocout/Haiway/app/esp32-example/hello_world/build/freertos/libfreertos.a(tasks.o)
                                         0x2c (size before relaxing)
                0x0000000040084538                pcTaskGetName
 *fill*         0x0000000040084561        0x3 
 .text.xTaskGetIdleTaskHandle
                0x0000000040084564       0x24 /Users/cocout/Haiway/app/esp32-example/hello_world/build/freertos/libfreertos.a(tasks.o)
                0x0000000040084564                xTaskGetIdleTaskHandle
 .text.xTaskIncrementTick
                0x0000000040084588      0x156 /Users/cocout/Haiway/app/esp32-example/hello_world/build/freertos/libfreertos.a(tasks.o)
                                        0x162 (size before relaxing)
                0x0000000040084588                xTaskIncrementTick
 *fill*         0x00000000400846de        0x2 
 .text.vTaskSwitchContext
                0x00000000400846e0      0x10b /Users/cocout/Haiway/app/esp32-example/hello_world/build/freertos/libfreertos.a(tasks.o)
                                        0x10f (size before relaxing)
                0x00000000400846e0                vTaskSwitchContext
 *fill*         0x00000000400847eb        0x1 
 .text.vTaskPlaceOnEventList
                0x00000000400847ec       0x36 /Users/cocout/Haiway/app/esp32-example/hello_world/build/freertos/libfreertos.a(tasks.o)
                                         0x3e (size before relaxing)
                0x00000000400847ec                vTaskPlaceOnEventList
 *fill*         0x0000000040084822        0x2 
 .text.vTaskPlaceOnEventListRestricted
                0x0000000040084824       0x3e /Users/cocout/Haiway/app/esp32-example/hello_world/build/freertos/libfreertos.a(tasks.o)
                                         0x42 (size before relaxing)
                0x0000000040084824                vTaskPlaceOnEventListRestricted
 *fill*         0x0000000040084862        0x2 
 .text.xTaskRemoveFromEventList
                0x0000000040084864       0x8b /Users/cocout/Haiway/app/esp32-example/hello_world/build/freertos/libfreertos.a(tasks.o)
                                         0x9b (size before relaxing)
                0x0000000040084864                xTaskRemoveFromEventList
 *fill*         0x00000000400848ef        0x1 
 .text.vTaskInternalSetTimeOutState
                0x00000000400848f0       0x19 /Users/cocout/Haiway/app/esp32-example/hello_world/build/freertos/libfreertos.a(tasks.o)
                0x00000000400848f0                vTaskInternalSetTimeOutState
 *fill*         0x0000000040084909        0x3 
 .text.vTaskMissedYield
                0x000000004008490c        0xf /Users/cocout/Haiway/app/esp32-example/hello_world/build/freertos/libfreertos.a(tasks.o)
                0x000000004008490c                vTaskMissedYield
 *fill*         0x000000004008491b        0x1 
 .text.vTaskSetThreadLocalStoragePointer
                0x000000004008491c       0x1a /Users/cocout/Haiway/app/esp32-example/hello_world/build/freertos/libfreertos.a(tasks.o)
                0x000000004008491c                vTaskSetThreadLocalStoragePointer
 *fill*         0x0000000040084936        0x2 
 .text.pvTaskGetThreadLocalStoragePointer
                0x0000000040084938       0x1e /Users/cocout/Haiway/app/esp32-example/hello_world/build/freertos/libfreertos.a(tasks.o)
                0x0000000040084938                pvTaskGetThreadLocalStoragePointer
 *fill*         0x0000000040084956        0x2 
 .text.xTaskGetCurrentTaskHandle
                0x0000000040084958        0xd /Users/cocout/Haiway/app/esp32-example/hello_world/build/freertos/libfreertos.a(tasks.o)
                0x0000000040084958                xTaskGetCurrentTaskHandle
 *fill*         0x0000000040084965        0x3 
 .text.xTaskGetSchedulerState
                0x0000000040084968       0x24 /Users/cocout/Haiway/app/esp32-example/hello_world/build/freertos/libfreertos.a(tasks.o)
                0x0000000040084968                xTaskGetSchedulerState
 .text.xTaskPriorityInherit
                0x000000004008498c       0xa8 /Users/cocout/Haiway/app/esp32-example/hello_world/build/freertos/libfreertos.a(tasks.o)
                                         0xac (size before relaxing)
                0x000000004008498c                xTaskPriorityInherit
 .text.xTaskPriorityDisinherit
                0x0000000040084a34       0x9c /Users/cocout/Haiway/app/esp32-example/hello_world/build/freertos/libfreertos.a(tasks.o)
                                         0xa4 (size before relaxing)
                0x0000000040084a34                xTaskPriorityDisinherit
 .text.vTaskPriorityDisinheritAfterTimeout
                0x0000000040084ad0       0xa4 /Users/cocout/Haiway/app/esp32-example/hello_world/build/freertos/libfreertos.a(tasks.o)
                                         0xac (size before relaxing)
                0x0000000040084ad0                vTaskPriorityDisinheritAfterTimeout
 .text.vTaskEnterCritical
                0x0000000040084b74       0x33 /Users/cocout/Haiway/app/esp32-example/hello_world/build/freertos/libfreertos.a(tasks.o)
                0x0000000040084b74                vTaskEnterCritical
 *fill*         0x0000000040084ba7        0x1 
 .text.vTaskExitCritical
                0x0000000040084ba8       0x3a /Users/cocout/Haiway/app/esp32-example/hello_world/build/freertos/libfreertos.a(tasks.o)
                0x0000000040084ba8                vTaskExitCritical
 *fill*         0x0000000040084be2        0x2 
 .text.prvAddNewTaskToReadyList
                0x0000000040084be4       0xab /Users/cocout/Haiway/app/esp32-example/hello_world/build/freertos/libfreertos.a(tasks.o)
                                         0xb7 (size before relaxing)
 *fill*         0x0000000040084c8f        0x1 
 .text.xTaskCreate
                0x0000000040084c90       0x58 /Users/cocout/Haiway/app/esp32-example/hello_world/build/freertos/libfreertos.a(tasks.o)
                                         0x60 (size before relaxing)
                0x0000000040084c90                xTaskCreate
 .text.vTaskStartScheduler
                0x0000000040084ce8       0x72 /Users/cocout/Haiway/app/esp32-example/hello_world/build/freertos/libfreertos.a(tasks.o)
                                         0x7d (size before relaxing)
                0x0000000040084ce8                vTaskStartScheduler
 *fill*         0x0000000040084d5a        0x2 
 .text.vTaskDelete
                0x0000000040084d5c       0xab /Users/cocout/Haiway/app/esp32-example/hello_world/build/freertos/libfreertos.a(tasks.o)
                                         0xc3 (size before relaxing)
                0x0000000040084d5c                vTaskDelete
 *fill*         0x0000000040084e07        0x1 
 .text.prvCheckTasksWaitingTermination
                0x0000000040084e08       0x4a /Users/cocout/Haiway/app/esp32-example/hello_world/build/freertos/libfreertos.a(tasks.o)
                                         0x56 (size before relaxing)
 *fill*         0x0000000040084e52        0x2 
 .text.prvIdleTask
                0x0000000040084e54        0x9 /Users/cocout/Haiway/app/esp32-example/hello_world/build/freertos/libfreertos.a(tasks.o)
                                          0xc (size before relaxing)
 *fill*         0x0000000040084e5d        0x3 
 .text.xTaskResumeAll
                0x0000000040084e60      0x10b /Users/cocout/Haiway/app/esp32-example/hello_world/build/freertos/libfreertos.a(tasks.o)
                                        0x11a (size before relaxing)
                0x0000000040084e60                xTaskResumeAll
 *fill*         0x0000000040084f6b        0x1 
 .text.xTaskGetTickCount
                0x0000000040084f6c       0x13 /Users/cocout/Haiway/app/esp32-example/hello_world/build/freertos/libfreertos.a(tasks.o)
                                         0x1a (size before relaxing)
                0x0000000040084f6c                xTaskGetTickCount
 *fill*         0x0000000040084f7f        0x1 
 .text.xTaskCheckForTimeOut
                0x0000000040084f80       0x86 /Users/cocout/Haiway/app/esp32-example/hello_world/build/freertos/libfreertos.a(tasks.o)
                                         0x8d (size before relaxing)
                0x0000000040084f80                xTaskCheckForTimeOut
 *fill*         0x0000000040085006        0x2 
 .text.pvTaskIncrementMutexHeldCount
                0x0000000040085008       0x27 /Users/cocout/Haiway/app/esp32-example/hello_world/build/freertos/libfreertos.a(tasks.o)
                0x0000000040085008                pvTaskIncrementMutexHeldCount
 *fill*         0x000000004008502f        0x1 
 .text.prvGetNextExpireTime
                0x0000000040085030       0x22 /Users/cocout/Haiway/app/esp32-example/hello_world/build/freertos/libfreertos.a(timers.o)
 *fill*         0x0000000040085052        0x2 
 .text.prvInsertTimerInActiveList
                0x0000000040085054       0x50 /Users/cocout/Haiway/app/esp32-example/hello_world/build/freertos/libfreertos.a(timers.o)
                                         0x54 (size before relaxing)
 .text.prvCheckForValidListAndQueue
                0x00000000400850a4       0x3a /Users/cocout/Haiway/app/esp32-example/hello_world/build/freertos/libfreertos.a(timers.o)
                                         0x4d (size before relaxing)
 *fill*         0x00000000400850de        0x2 
 .text.xTimerCreateTimerTask
                0x00000000400850e0       0x48 /Users/cocout/Haiway/app/esp32-example/hello_world/build/freertos/libfreertos.a(timers.o)
                                         0x4c (size before relaxing)
                0x00000000400850e0                xTimerCreateTimerTask
 .text.xTimerGenericCommand
                0x0000000040085128       0x6e /Users/cocout/Haiway/app/esp32-example/hello_world/build/freertos/libfreertos.a(timers.o)
                                         0x76 (size before relaxing)
                0x0000000040085128                xTimerGenericCommand
 *fill*         0x0000000040085196        0x2 
 .text.prvSwitchTimerLists
                0x0000000040085198       0x79 /Users/cocout/Haiway/app/esp32-example/hello_world/build/freertos/libfreertos.a(timers.o)
                                         0x85 (size before relaxing)
 *fill*         0x0000000040085211        0x3 
 .text.prvSampleTimeNow
                0x0000000040085214       0x2b /Users/cocout/Haiway/app/esp32-example/hello_world/build/freertos/libfreertos.a(timers.o)
                                         0x2f (size before relaxing)
 *fill*         0x000000004008523f        0x1 
 .text.prvProcessExpiredTimer
                0x0000000040085240       0x53 /Users/cocout/Haiway/app/esp32-example/hello_world/build/freertos/libfreertos.a(timers.o)
                                         0x5f (size before relaxing)
 *fill*         0x0000000040085293        0x1 
 .text.prvProcessTimerOrBlockTask
                0x0000000040085294       0x68 /Users/cocout/Haiway/app/esp32-example/hello_world/build/freertos/libfreertos.a(timers.o)
                                         0x78 (size before relaxing)
 .text.prvProcessReceivedCommands
                0x00000000400852fc       0xd1 /Users/cocout/Haiway/app/esp32-example/hello_world/build/freertos/libfreertos.a(timers.o)
                                         0xe5 (size before relaxing)
 *fill*         0x00000000400853cd        0x3 
 .text.prvTimerTask
                0x00000000400853d0       0x15 /Users/cocout/Haiway/app/esp32-example/hello_world/build/freertos/libfreertos.a(timers.o)
                                         0x1d (size before relaxing)
 *fill*         0x00000000400853e5        0x3 
 .text          0x00000000400853e8      0x1d0 /Users/cocout/Haiway/app/esp32-example/hello_world/build/freertos/libfreertos.a(portasm.o)
                0x00000000400853e8                _frxt_setup_switch
                0x0000000040085400                _frxt_int_enter
                0x0000000040085448                _frxt_int_exit
                0x0000000040085498                _frxt_timer_int
                0x00000000400854c0                _frxt_tick_timer_init
                0x00000000400854d8                _frxt_dispatch
                0x0000000040085520                vPortYield
                0x000000004008556c                vPortYieldFromInt
                0x000000004008558c                _frxt_task_coproc_state
 .text          0x00000000400855b8      0x12b /Users/cocout/Haiway/app/esp32-example/hello_world/build/freertos/libfreertos.a(xtensa_context.o)
                0x00000000400855b8                _xt_context_save
                0x0000000040085620                _xt_context_restore
                0x0000000040085664                _xt_coproc_init
                0x0000000040085678                _xt_coproc_release
                0x00000000400856a4                _xt_coproc_savecs
                0x00000000400856c4                _xt_coproc_restorecs
 *fill*         0x00000000400856e3        0x0 
 *fill*         0x00000000400856e3        0x0 
 *fill*         0x00000000400856e3        0x0 
 *fill*         0x00000000400856e3        0x1 
 .text.vPortStoreTaskMPUSettings
                0x00000000400856e4       0x13 /Users/cocout/Haiway/app/esp32-example/hello_world/build/freertos/libfreertos.a(port.o)
                0x00000000400856e4                vPortStoreTaskMPUSettings
 *fill*         0x00000000400856f7        0x0 
 *fill*         0x00000000400856f7        0x0 
 *fill*         0x00000000400856f7        0x0 
 *fill*         0x00000000400856f7        0x0 
 *fill*         0x00000000400856f7        0x0 
 *fill*         0x00000000400856f7        0x0 
 *fill*         0x00000000400856f7        0x0 
 *fill*         0x00000000400856f7        0x1 
 .text.prvGetDisinheritPriorityAfterTimeout
                0x00000000400856f8       0x19 /Users/cocout/Haiway/app/esp32-example/hello_world/build/freertos/libfreertos.a(queue.o)
 *fill*         0x0000000040085711        0x0 
 *fill*         0x0000000040085711        0x0 
 *fill*         0x0000000040085711        0x0 
 *fill*         0x0000000040085711        0x0 
 *fill*         0x0000000040085711        0x0 
 *fill*         0x0000000040085711        0x0 
 *fill*         0x0000000040085711        0x0 
 *fill*         0x0000000040085711        0x0 
 *fill*         0x0000000040085711        0x0 
 *fill*         0x0000000040085711        0x0 
 *fill*         0x0000000040085711        0x0 
 *fill*         0x0000000040085711        0x0 
 *fill*         0x0000000040085711        0x0 
 *fill*         0x0000000040085711        0x0 
 *fill*         0x0000000040085711        0x0 
 *fill*         0x0000000040085711        0x0 
 *fill*         0x0000000040085711        0x0 
 *fill*         0x0000000040085711        0x0 
 *fill*         0x0000000040085711        0x0 
 *fill*         0x0000000040085711        0x0 
 *fill*         0x0000000040085711        0x0 
 *fill*         0x0000000040085711        0x0 
 *fill*         0x0000000040085711        0x0 
 *fill*         0x0000000040085711        0x0 
 *fill*         0x0000000040085711        0x0 
 *fill*         0x0000000040085711        0x0 
 *fill*         0x0000000040085711        0x0 
 *fill*         0x0000000040085711        0x0 
 *fill*         0x0000000040085711        0x0 
 *fill*         0x0000000040085711        0x0 
 *fill*         0x0000000040085711        0x0 
 *fill*         0x0000000040085711        0x0 
 *fill*         0x0000000040085711        0x0 
 *fill*         0x0000000040085711        0x0 
 *fill*         0x0000000040085711        0x0 
 *fill*         0x0000000040085711        0x0 
 *fill*         0x0000000040085711        0x0 
 *fill*         0x0000000040085711        0x0 
 *fill*         0x0000000040085711        0x0 
 *fill*         0x0000000040085711        0x0 
 *fill*         0x0000000040085711        0x0 
 *fill*         0x0000000040085711        0x0 
 *fill*         0x0000000040085711        0x0 
 *fill*         0x0000000040085711        0x0 
 *fill*         0x0000000040085711        0x0 
 *fill*         0x0000000040085711        0x0 
 *fill*         0x0000000040085711        0x0 
 *fill*         0x0000000040085711        0x0 
 *fill*         0x0000000040085711        0x3 
 .text          0x0000000040085714       0x33 /Users/cocout/Haiway/app/esp32-example/hello_world/build/freertos/libfreertos.a(xtensa_intr_asm.o)
                0x0000000040085714                xt_ints_on
                0x000000004008572c                xt_ints_off
 *fill*         0x0000000040085747        0x1 
 .text.vListInitialise
                0x0000000040085748       0x18 /Users/cocout/Haiway/app/esp32-example/hello_world/build/freertos/libfreertos.a(list.o)
                0x0000000040085748                vListInitialise
 .text.vListInitialiseItem
                0x0000000040085760        0x9 /Users/cocout/Haiway/app/esp32-example/hello_world/build/freertos/libfreertos.a(list.o)
                0x0000000040085760                vListInitialiseItem
 *fill*         0x0000000040085769        0x3 
 .text.vListInsertEnd
                0x000000004008576c       0x21 /Users/cocout/Haiway/app/esp32-example/hello_world/build/freertos/libfreertos.a(list.o)
                0x000000004008576c                vListInsertEnd
 *fill*         0x000000004008578d        0x3 
 .text.vListInsert
                0x0000000040085790       0x35 /Users/cocout/Haiway/app/esp32-example/hello_world/build/freertos/libfreertos.a(list.o)
                0x0000000040085790                vListInsert
 *fill*         0x00000000400857c5        0x3 
 .text.uxListRemove
                0x00000000400857c8       0x31 /Users/cocout/Haiway/app/esp32-example/hello_world/build/freertos/libfreertos.a(list.o)
                0x00000000400857c8                uxListRemove
 *libheap.a:multi_heap.o(.literal .text .literal.* .text.*)
 *fill*         0x00000000400857f9        0x3 
 .text.get_prev_free_block
                0x00000000400857fc       0x68 /Users/cocout/Haiway/app/esp32-example/hello_world/build/heap/libheap.a(multi_heap.o)
                                         0x77 (size before relaxing)
 *fill*         0x0000000040085864        0x0 
 .text.split_if_necessary
                0x0000000040085864      0x138 /Users/cocout/Haiway/app/esp32-example/hello_world/build/heap/libheap.a(multi_heap.o)
                                        0x148 (size before relaxing)
 .text.assert_valid_block
                0x000000004008599c       0xb0 /Users/cocout/Haiway/app/esp32-example/hello_world/build/heap/libheap.a(multi_heap.o)
                                         0xb4 (size before relaxing)
 .text.merge_adjacent
                0x0000000040085a4c      0x12c /Users/cocout/Haiway/app/esp32-example/hello_world/build/heap/libheap.a(multi_heap.o)
                                        0x140 (size before relaxing)
 .text.multi_heap_get_allocated_size_impl
                0x0000000040085b78       0x38 /Users/cocout/Haiway/app/esp32-example/hello_world/build/heap/libheap.a(multi_heap.o)
                                         0x3c (size before relaxing)
                0x0000000040085b78                multi_heap_get_allocated_size
                0x0000000040085b78                multi_heap_get_allocated_size_impl
 .text.multi_heap_malloc_impl
                0x0000000040085bb0      0x10e /Users/cocout/Haiway/app/esp32-example/hello_world/build/heap/libheap.a(multi_heap.o)