Archive member included to satisfy reference by file (symbol)

/Users/cocout/esp/blink/build/cxx/libcxx.a(cxx_exception_stubs.o)
                              (__cxx_fatal_exception)
/Users/cocout/esp/blink/build/cxx/libcxx.a(cxx_guards.o)
                              (__cxa_guard_dummy)
/Users/cocout/esp/blink/build/esp32/libesp32.a(cpu_start.o)
                              (call_start_cpu0)
/Users/cocout/esp/blink/build/esp32/libesp32.a(crosscore_int.o)
                              /Users/cocout/esp/blink/build/esp32/libesp32.a(cpu_start.o) (esp_crosscore_int_init)
/Users/cocout/esp/blink/build/esp32/libesp32.a(dbg_stubs.o)
                              /Users/cocout/esp/blink/build/esp32/libesp32.a(cpu_start.o) (esp_dbg_stubs_init)
/Users/cocout/esp/blink/build/esp32/libesp32.a(dport_access.o)
                              /Users/cocout/esp/blink/build/esp32/libesp32.a(cpu_start.o) (esp_dport_access_stall_other_cpu_start)
/Users/cocout/esp/blink/build/esp32/libesp32.a(esp_timer.o)
                              /Users/cocout/esp/blink/build/esp32/libesp32.a(cpu_start.o) (esp_timer_init)
/Users/cocout/esp/blink/build/esp32/libesp32.a(esp_timer_esp32.o)
                              /Users/cocout/esp/blink/build/esp32/libesp32.a(esp_timer.o) (esp_timer_impl_get_time)
/Users/cocout/esp/blink/build/esp32/libesp32.a(int_wdt.o)
                              /Users/cocout/esp/blink/build/esp32/libesp32.a(cpu_start.o) (esp_int_wdt_init)
/Users/cocout/esp/blink/build/esp32/libesp32.a(intr_alloc.o)
                              /Users/cocout/esp/blink/build/esp32/libesp32.a(esp_timer_esp32.o) (esp_intr_enable)
/Users/cocout/esp/blink/build/esp32/libesp32.a(ipc.o)
                              /Users/cocout/esp/blink/build/esp32/libesp32.a(cpu_start.o) (esp_ipc_init)
/Users/cocout/esp/blink/build/esp32/libesp32.a(panic.o)
                              /Users/cocout/esp/blink/build/cxx/libcxx.a(cxx_exception_stubs.o) (abort)
/Users/cocout/esp/blink/build/esp32/libesp32.a(system_api.o)
                              /Users/cocout/esp/blink/build/esp32/libesp32.a(panic.o) (esp_restart_noos)
/Users/cocout/esp/blink/build/esp32/libesp32.a(task_wdt.o)
                              /Users/cocout/esp/blink/build/esp32/libesp32.a(cpu_start.o) (esp_task_wdt_init)
/Users/cocout/esp/blink/build/esp32/libesp32.a(dport_panic_highint_hdl.o)
                              (ld_include_panic_highint_hdl)
/Users/cocout/esp/blink/build/esp32/libesp32.a(brownout.o)
                              /Users/cocout/esp/blink/build/esp32/libesp32.a(cpu_start.o) (esp_brownout_init)
/Users/cocout/esp/blink/build/esp32/libesp32.a(cache_err_int.o)
                              /Users/cocout/esp/blink/build/esp32/libesp32.a(cpu_start.o) (esp_cache_err_int_init)
/Users/cocout/esp/blink/build/esp32/libesp32.a(clk.o)
                              /Users/cocout/esp/blink/build/esp32/libesp32.a(cpu_start.o) (esp_clk_init)
/Users/cocout/esp/blink/build/esp32/libesp32.a(esp_err_to_name.o)
                              /Users/cocout/esp/blink/build/esp32/libesp32.a(panic.o) (esp_err_to_name)
/Users/cocout/esp/blink/build/esp32/libesp32.a(freertos_hooks.o)
                              /Users/cocout/esp/blink/build/esp32/libesp32.a(task_wdt.o) (esp_register_freertos_idle_hook_for_cpu)
/Users/cocout/esp/esp-idf/components/esp32/libhal.a(int_asm--set_intclear.o)
                              /Users/cocout/esp/blink/build/esp32/libesp32.a(intr_alloc.o) (xthal_set_intclear)
/Users/cocout/esp/blink/build/freertos/libfreertos.a(FreeRTOS-openocd.o)
                              (uxTopUsedPriority)
/Users/cocout/esp/blink/build/freertos/libfreertos.a(port.o)
                              /Users/cocout/esp/blink/build/esp32/libesp32.a(cpu_start.o) (port_xSchedulerRunning)
/Users/cocout/esp/blink/build/freertos/libfreertos.a(queue.o)
                              /Users/cocout/esp/blink/build/esp32/libesp32.a(ipc.o) (xQueueGenericCreate)
/Users/cocout/esp/blink/build/freertos/libfreertos.a(tasks.o)
                              /Users/cocout/esp/blink/build/esp32/libesp32.a(system_api.o) (vTaskSuspendAll)
/Users/cocout/esp/blink/build/freertos/libfreertos.a(timers.o)
                              /Users/cocout/esp/blink/build/freertos/libfreertos.a(tasks.o) (xTimerCreateTimerTask)
/Users/cocout/esp/blink/build/freertos/libfreertos.a(xtensa_init.o)
                              /Users/cocout/esp/blink/build/freertos/libfreertos.a(port.o) (_xt_tick_divisor_init)
/Users/cocout/esp/blink/build/freertos/libfreertos.a(xtensa_intr.o)
                              /Users/cocout/esp/blink/build/esp32/libesp32.a(intr_alloc.o) (xt_unhandled_interrupt)
/Users/cocout/esp/blink/build/freertos/libfreertos.a(portasm.o)
                              /Users/cocout/esp/blink/build/esp32/libesp32.a(crosscore_int.o) (_frxt_setup_switch)
/Users/cocout/esp/blink/build/freertos/libfreertos.a(xtensa_context.o)
[...]
Memory Configuration

Name             Origin             Length             Attributes
iram0_0_seg      0x0000000040080000 0x0000000000020000 xr
iram0_2_seg      0x00000000400d0018 0x000000000032ffe8 xr
dram0_0_seg      0x000000003ffb0000 0x000000000002c200 rw
drom0_0_seg      0x000000003f400018 0x00000000003fffe8 r
rtc_iram_seg     0x00000000400c0000 0x0000000000002000 xrw
rtc_slow_seg     0x0000000050000000 0x0000000000001000 rw
*default*        0x0000000000000000 0xffffffffffffffff

Linker script and memory map

START GROUP
LOAD /Users/cocout/esp/blink/build/app_trace/libapp_trace.a
LOAD /Users/cocout/esp/blink/build/app_update/libapp_update.a
LOAD /Users/cocout/esp/blink/build/bootloader_support/libbootloader_support.a
LOAD /Users/cocout/esp/blink/build/bt/libbt.a
LOAD /Users/cocout/esp/blink/build/coap/libcoap.a
LOAD /Users/cocout/esp/blink/build/console/libconsole.a
LOAD /Users/cocout/esp/blink/build/cxx/libcxx.a
LOAD /Users/cocout/esp/blink/build/driver/libdriver.a
LOAD /Users/cocout/esp/blink/build/esp-tls/libesp-tls.a
LOAD /Users/cocout/esp/blink/build/esp32/libesp32.a
LOAD /Users/cocout/esp/esp-idf/components/esp32/libhal.a
LOAD /Users/cocout/esp/esp-idf/components/esp32/lib/libcore.a
LOAD /Users/cocout/esp/esp-idf/components/esp32/lib/librtc.a
LOAD /Users/cocout/esp/esp-idf/components/esp32/lib/libnet80211.a
LOAD /Users/cocout/esp/esp-idf/components/esp32/lib/libpp.a
LOAD /Users/cocout/esp/esp-idf/components/esp32/lib/libwpa.a
LOAD /Users/cocout/esp/esp-idf/components/esp32/lib/libsmartconfig.a
LOAD /Users/cocout/esp/esp-idf/components/esp32/lib/libcoexist.a
LOAD /Users/cocout/esp/esp-idf/components/esp32/lib/libwps.a
LOAD /Users/cocout/esp/esp-idf/components/esp32/lib/libwpa2.a
LOAD /Users/cocout/esp/esp-idf/components/esp32/lib/libespnow.a
LOAD /Users/cocout/esp/esp-idf/components/esp32/lib/libphy.a
LOAD /Users/cocout/esp/esp-idf/components/esp32/lib/libmesh.a
LOAD /Users/cocout/esp/blink/build/esp_adc_cal/libesp_adc_cal.a
LOAD /Users/cocout/esp/blink/build/esp_http_client/libesp_http_client.a
LOAD /Users/cocout/esp/blink/build/ethernet/libethernet.a
LOAD /Users/cocout/esp/blink/build/expat/libexpat.a
LOAD /Users/cocout/esp/blink/build/fatfs/libfatfs.a
LOAD /Users/cocout/esp/blink/build/freertos/libfreertos.a
LOAD /Users/cocout/esp/blink/build/heap/libheap.a
LOAD /Users/cocout/esp/blink/build/idf_test/libidf_test.a
LOAD /Users/cocout/esp/blink/build/jsmn/libjsmn.a
LOAD /Users/cocout/esp/blink/build/json/libjson.a
LOAD /Users/cocout/esp/blink/build/libsodium/liblibsodium.a
LOAD /Users/cocout/esp/blink/build/log/liblog.a
LOAD /Users/cocout/esp/blink/build/lwip/liblwip.a
LOAD /Users/cocout/esp/blink/build/main/libmain.a
LOAD /Users/cocout/esp/blink/build/mbedtls/libmbedtls.a
LOAD /Users/cocout/esp/blink/build/mdns/libmdns.a
LOAD /Users/cocout/esp/blink/build/micro-ecc/libmicro-ecc.a
LOAD /Users/cocout/esp/esp-idf/components/newlib/lib/libc.a
LOAD /Users/cocout/esp/esp-idf/components/newlib/lib/libm.a
LOAD /Users/cocout/esp/blink/build/newlib/libnewlib.a
LOAD /Users/cocout/esp/blink/build/nghttp/libnghttp.a
LOAD /Users/cocout/esp/blink/build/nvs_flash/libnvs_flash.a
LOAD /Users/cocout/esp/blink/build/openssl/libopenssl.a
LOAD /Users/cocout/esp/blink/build/pthread/libpthread.a
LOAD /Users/cocout/esp/blink/build/sdmmc/libsdmmc.a
LOAD /Users/cocout/esp/blink/build/smartconfig_ack/libsmartconfig_ack.a
LOAD /Users/cocout/esp/blink/build/soc/libsoc.a
LOAD /Users/cocout/esp/blink/build/spi_flash/libspi_flash.a
LOAD /Users/cocout/esp/blink/build/spiffs/libspiffs.a
LOAD /Users/cocout/esp/blink/build/tcpip_adapter/libtcpip_adapter.a
LOAD /Users/cocout/esp/blink/build/ulp/libulp.a
LOAD /Users/cocout/esp/blink/build/vfs/libvfs.a
LOAD /Users/cocout/esp/blink/build/wear_levelling/libwear_levelling.a
LOAD /Users/cocout/esp/blink/build/wpa_supplicant/libwpa_supplicant.a
LOAD /Users/cocout/esp/blink/build/xtensa-debug-module/libxtensa-debug-module.a
LOAD /Users/cocout/esp/xtensa-esp32-elf/bin/../lib/gcc/xtensa-esp32-elf/5.2.0/libgcc.a
LOAD /Users/cocout/esp/xtensa-esp32-elf/bin/../lib/gcc/xtensa-esp32-elf/5.2.0/../../../../xtensa-esp32-elf/lib/libstdc++.a
LOAD /Users/cocout/esp/xtensa-esp32-elf/bin/../lib/gcc/xtensa-esp32-elf/5.2.0/libgcov.a
END GROUP
                0x0000000040000000                _heap_end = 0x40000000

.rtc.text       0x00000000400c0000        0x0
                0x00000000400c0000                . = ALIGN (0x4)
 *(.rtc.literal .rtc.text)
 *rtc_wake_stub*.o(.literal .text .literal.* .text.*)

.rtc.data       0x0000000050000000        0x0
                0x0000000050000000                _rtc_data_start = ABSOLUTE (.)
 *(.rtc.data)
 *(.rtc.rodata)
 *rtc_wake_stub*.o(.data .rodata .data.* .rodata.* .bss .bss.*)
                0x0000000050000000                _rtc_data_end = ABSOLUTE (.)

.rtc.bss        0x0000000050000000        0x0
                0x0000000050000000                _rtc_bss_start = ABSOLUTE (.)
 *rtc_wake_stub*.o(.bss .bss.*)
 *rtc_wake_stub*.o(COMMON)
                0x0000000050000000                _rtc_bss_end = ABSOLUTE (.)

.rtc_noinit     0x0000000050000000        0x0
                0x0000000050000000                . = ALIGN (0x4)
                0x0000000050000000                _rtc_noinit_start = ABSOLUTE (.)
 *(.rtc_noinit .rtc_noinit.*)
                0x0000000050000000                . = ALIGN (0x4)
                0x0000000050000000                _rtc_noinit_end = ABSOLUTE (.)

.iram0.vectors  0x0000000040080000      0x400
                0x0000000040080000                _init_start = ABSOLUTE (.)
                0x0000000000000000                . = 0x0
 *(.WindowVectors.text)
 .WindowVectors.text
                0x0000000040080000      0x16a /Users/cocout/esp/blink/build/freertos/libfreertos.a(xtensa_vectors.o)
                0x0000000040080000                _WindowOverflow4
                0x0000000040080040                _WindowUnderflow4
                0x0000000040080050                _xt_alloca_exc
                0x0000000040080080                _WindowOverflow8
                0x00000000400800c0                _WindowUnderflow8
                0x0000000040080100                _WindowOverflow12
                0x0000000040080140                _WindowUnderflow12
                0x0000000000000180                . = 0x180
 *fill*         0x000000004008016a       0x16 
 *(.Level2InterruptVector.text)
 .Level2InterruptVector.text
                0x0000000040080180        0x6 /Users/cocout/esp/blink/build/freertos/libfreertos.a(xtensa_vectors.o)
                0x0000000040080180                _Level2Vector
                0x00000000000001c0                . = 0x1c0
 *fill*         0x0000000040080186       0x3a 
 *(.Level3InterruptVector.text)
 .Level3InterruptVector.text
                0x00000000400801c0        0x6 /Users/cocout/esp/blink/build/freertos/libfreertos.a(xtensa_vectors.o)
                0x00000000400801c0                _Level3Vector
                0x0000000000000200                . = 0x200
 *fill*         0x00000000400801c6       0x3a 
 *(.Level4InterruptVector.text)
 .Level4InterruptVector.text
                0x0000000040080200        0x6 /Users/cocout/esp/blink/build/freertos/libfreertos.a(xtensa_vectors.o)
                0x0000000040080200                _Level4Vector
                0x0000000000000240                . = 0x240
 *fill*         0x0000000040080206       0x3a 
 *(.Level5InterruptVector.text)
 .Level5InterruptVector.text
                0x0000000040080240        0x6 /Users/cocout/esp/blink/build/freertos/libfreertos.a(xtensa_vectors.o)
                0x0000000040080240                _Level5Vector
                0x0000000000000280                . = 0x280
 *fill*         0x0000000040080246       0x3a 
 *(.DebugExceptionVector.text)
 .DebugExceptionVector.text
                0x0000000040080280        0x6 /Users/cocout/esp/blink/build/freertos/libfreertos.a(xtensa_vectors.o)
                0x0000000040080280                _DebugExceptionVector
                0x00000000000002c0                . = 0x2c0
 *fill*         0x0000000040080286       0x3a 
 *(.NMIExceptionVector.text)
 .NMIExceptionVector.text
                0x00000000400802c0        0x6 /Users/cocout/esp/blink/build/freertos/libfreertos.a(xtensa_vectors.o)
                0x00000000400802c0                _NMIExceptionVector
                0x0000000000000300                . = 0x300
 *fill*         0x00000000400802c6       0x3a 
 *(.KernelExceptionVector.text)
 .KernelExceptionVector.text
                0x0000000040080300        0x6 /Users/cocout/esp/blink/build/freertos/libfreertos.a(xtensa_vectors.o)
                0x0000000040080300                _KernelExceptionVector
                0x0000000000000340                . = 0x340
 *fill*         0x0000000040080306       0x3a 
 *(.UserExceptionVector.text)
 .UserExceptionVector.text
                0x0000000040080340        0x6 /Users/cocout/esp/blink/build/freertos/libfreertos.a(xtensa_vectors.o)
                0x0000000040080340                _UserExceptionVector
                0x00000000000003c0                . = 0x3c0
 *fill*         0x0000000040080346       0x7a 
 *(.DoubleExceptionVector.text)
 .DoubleExceptionVector.text
                0x00000000400803c0        0xf /Users/cocout/esp/blink/build/freertos/libfreertos.a(xtensa_vectors.o)
                0x00000000400803c0                _DoubleExceptionVector
                0x0000000000000400                . = 0x400
 *fill*         0x00000000400803cf       0x31 
 *(.*Vector.literal)
 *(.UserEnter.literal)
 *(.UserEnter.text)
                0x0000000040080400                . = ALIGN (0x10)
 *(.entry.text)
 *(.init.literal)
 *(.init)
                0x0000000040080400                _init_end = ABSOLUTE (.)
                0x0000000000000000                _iram_start = 0x0

.iram0.text     0x0000000040080400     0x869c
                0x0000000040080400                _iram_text_start = ABSOLUTE (.)
 *(.iram1 .iram1.*)
 .iram1.literal
                0x0000000040080400       0xa8 /Users/cocout/esp/blink/build/esp32/libesp32.a(cpu_start.o)
                                        0x1c4 (size before relaxing)
 .iram1.literal
                0x00000000400804a8       0x1c /Users/cocout/esp/blink/build/esp32/libesp32.a(crosscore_int.o)
                                         0x40 (size before relaxing)
 .iram1.literal
                0x00000000400804c4       0x38 /Users/cocout/esp/blink/build/esp32/libesp32.a(dport_access.o)
                                         0x88 (size before relaxing)
 .iram1.literal
                0x00000000400804fc       0x28 /Users/cocout/esp/blink/build/esp32/libesp32.a(esp_timer.o)
                                         0x60 (size before relaxing)
 .iram1.literal
                0x0000000040080524       0x5c /Users/cocout/esp/blink/build/esp32/libesp32.a(esp_timer_esp32.o)
                                         0xf8 (size before relaxing)
 .iram1.literal
                0x0000000040080580        0xc /Users/cocout/esp/blink/build/esp32/libesp32.a(int_wdt.o)
 .iram1.literal
                0x000000004008058c       0x20 /Users/cocout/esp/blink/build/esp32/libesp32.a(intr_alloc.o)
                                         0x7c (size before relaxing)
 .iram1.literal
                0x00000000400805ac       0x20 /Users/cocout/esp/blink/build/esp32/libesp32.a(ipc.o)
                                         0x34 (size before relaxing)
 .iram1.literal
                0x00000000400805cc       0x60 /Users/cocout/esp/blink/build/esp32/libesp32.a(system_api.o)
                                         0xc0 (size before relaxing)
 .iram1.literal
                0x000000004008062c       0x10 /Users/cocout/esp/blink/build/esp32/libesp32.a(dport_panic_highint_hdl.o)
                                         0x28 (size before relaxing)
 .iram1.literal
                0x000000004008063c        0xc /Users/cocout/esp/blink/build/esp32/libesp32.a(cache_err_int.o)
                                         0x18 (size before relaxing)
 .iram1.literal
                0x0000000040080648        0xc /Users/cocout/esp/blink/build/esp32/libesp32.a(clk.o)
                                         0x18 (size before relaxing)
 .iram1.literal
                0x0000000040080654        0x4 /Users/cocout/esp/blink/build/esp32/libesp32.a(freertos_hooks.o)
 .iram1.literal
                0x0000000040080658        0x4 /Users/cocout/esp/blink/build/freertos/libfreertos.a(port.o)
 .iram1.literal
                0x000000004008065c       0x44 /Users/cocout/esp/blink/build/freertos/libfreertos.a(xtensa_vectors.o)
                                         0x68 (size before relaxing)
 .iram1.literal
                0x00000000400806a0       0x58 /Users/cocout/esp/blink/build/heap/libheap.a(heap_caps.o)
                                         0xb0 (size before relaxing)
 .iram1.literal
                0x00000000400806f8       0x24 /Users/cocout/esp/blink/build/log/liblog.a(log.o)
                                         0x48 (size before relaxing)
 .iram1.literal
                0x000000004008071c       0x14 /Users/cocout/esp/blink/build/newlib/libnewlib.a(locks.o)
                                         0x90 (size before relaxing)
 .iram1.literal
                0x0000000040080730        0x8 /Users/cocout/esp/blink/build/newlib/libnewlib.a(reent_init.o)
                                         0x10 (size before relaxing)
 .iram1.literal
                0x0000000040080738        0x0 /Users/cocout/esp/blink/build/newlib/libnewlib.a(syscalls.o)
                                         0x14 (size before relaxing)
 .iram1.literal
                0x0000000040080738        0x0 /Users/cocout/esp/blink/build/newlib/libnewlib.a(time.o)
                                         0x1c (size before relaxing)
 .iram1.literal
                0x0000000040080738       0x1c /Users/cocout/esp/blink/build/soc/libsoc.a(cpu_util.o)
                                         0x30 (size before relaxing)
 .iram1.literal
                0x0000000040080754       0x50 /Users/cocout/esp/blink/build/spi_flash/libspi_flash.a(cache_utils.o)
                                        0x114 (size before relaxing)
 .iram1.literal
                0x00000000400807a4       0x38 /Users/cocout/esp/blink/build/spi_flash/libspi_flash.a(flash_ops.o)
                                         0xe4 (size before relaxing)
 .iram1.literal
                0x00000000400807dc       0x4c /Users/cocout/esp/blink/build/spi_flash/libspi_flash.a(flash_mmap.o)
                                        0x108 (size before relaxing)
 .literal.pxPortInitialiseStack
                0x0000000040080828       0x10 /Users/cocout/esp/blink/build/freertos/libfreertos.a(port.o)
                                         0x18 (size before relaxing)
 .literal.xPortStartScheduler
                0x0000000040080838        0x0 /Users/cocout/esp/blink/build/freertos/libfreertos.a(port.o)
                                         0x14 (size before relaxing)
 .literal.xPortSysTickHandler
                0x0000000040080838        0x0 /Users/cocout/esp/blink/build/freertos/libfreertos.a(port.o)
                                          0x8 (size before relaxing)
 .literal.vPortYieldOtherCore
                0x0000000040080838        0x0 /Users/cocout/esp/blink/build/freertos/libfreertos.a(port.o)
                                          0x4 (size before relaxing)
 .literal.vPortReleaseTaskMPUSettings
                0x0000000040080838        0x0 /Users/cocout/esp/blink/build/freertos/libfreertos.a(port.o)
                                          0x4 (size before relaxing)
 .literal.xPortInIsrContext
                0x0000000040080838        0x0 /Users/cocout/esp/blink/build/freertos/libfreertos.a(port.o)
                                          0x8 (size before relaxing)
 .literal.vPortCPUInitializeMutex
                0x0000000040080838        0x4 /Users/cocout/esp/blink/build/freertos/libfreertos.a(port.o)
 .literal.vPortCPUAcquireMutex
                0x000000004008083c       0x1c /Users/cocout/esp/blink/build/freertos/libfreertos.a(port.o)
                                         0x30 (size before relaxing)
 .literal.vPortCPUReleaseMutex
                0x0000000040080858       0x10 /Users/cocout/esp/blink/build/freertos/libfreertos.a(port.o)
                                         0x28 (size before relaxing)
 .literal.prvIsQueueFull
                0x0000000040080868        0x0 /Users/cocout/esp/blink/build/freertos/libfreertos.a(queue.o)
                                          0x8 (size before relaxing)
 .literal.prvCopyDataToQueue
                0x0000000040080868        0x0 /Users/cocout/esp/blink/build/freertos/libfreertos.a(queue.o)
                                          0xc (size before relaxing)
 .literal.prvNotifyQueueSetContainer
                0x0000000040080868       0x14 /Users/cocout/esp/blink/build/freertos/libfreertos.a(queue.o)
                                         0x2c (size before relaxing)
 .literal.prvCopyDataFromQueue
                0x000000004008087c        0x0 /Users/cocout/esp/blink/build/freertos/libfreertos.a(queue.o)
                                          0x4 (size before relaxing)
 .literal.xQueueGenericReset
                0x000000004008087c        0x4 /Users/cocout/esp/blink/build/freertos/libfreertos.a(queue.o)
                                         0x30 (size before relaxing)
 .literal.prvInitialiseNewQueue
                0x0000000040080880        0x0 /Users/cocout/esp/blink/build/freertos/libfreertos.a(queue.o)
                                          0x4 (size before relaxing)
 .literal.xQueueGenericCreate
                0x0000000040080880        0x4 /Users/cocout/esp/blink/build/freertos/libfreertos.a(queue.o)
                                         0x1c (size before relaxing)
 .literal.xQueueGetMutexHolder
                0x0000000040080884        0x0 /Users/cocout/esp/blink/build/freertos/libfreertos.a(queue.o)
                                          0x8 (size before relaxing)
 .literal.xQueueCreateCountingSemaphore
                0x0000000040080884        0x4 /Users/cocout/esp/blink/build/freertos/libfreertos.a(queue.o)
                                         0x28 (size before relaxing)
 .literal.xQueueGenericSend
                0x0000000040080888        0x4 /Users/cocout/esp/blink/build/freertos/libfreertos.a(queue.o)
                                         0x7c (size before relaxing)
 .literal.prvInitialiseMutex
                0x000000004008088c        0x0 /Users/cocout/esp/blink/build/freertos/libfreertos.a(queue.o)
                                          0x8 (size before relaxing)
 .literal.xQueueCreateMutex
                0x000000004008088c        0x0 /Users/cocout/esp/blink/build/freertos/libfreertos.a(queue.o)
                                          0x8 (size before relaxing)
 .literal.xQueueGiveMutexRecursive
                0x000000004008088c        0x4 /Users/cocout/esp/blink/build/freertos/libfreertos.a(queue.o)
                                         0x1c (size before relaxing)
 .literal.xQueueGenericSendFromISR
                0x0000000040080890        0x4 /Users/cocout/esp/blink/build/freertos/libfreertos.a(queue.o)
                                         0x3c (size before relaxing)
 .literal.xQueueGiveFromISR
                0x0000000040080894        0x4 /Users/cocout/esp/blink/build/freertos/libfreertos.a(queue.o)
                                         0x30 (size before relaxing)
 .literal.xQueueGenericReceive
                0x0000000040080898        0x4 /Users/cocout/esp/blink/build/freertos/libfreertos.a(queue.o)
                                         0x78 (size before relaxing)
 .literal.xQueueTakeMutexRecursive
                0x000000004008089c        0x4 /Users/cocout/esp/blink/build/freertos/libfreertos.a(queue.o)
                                         0x1c (size before relaxing)
 .literal.xQueueReceiveFromISR
                0x00000000400808a0        0x4 /Users/cocout/esp/blink/build/freertos/libfreertos.a(queue.o)
                                         0x30 (size before relaxing)
 .literal.vQueueDelete
                0x00000000400808a4        0x4 /Users/cocout/esp/blink/build/freertos/libfreertos.a(queue.o)
                                         0x18 (size before relaxing)
 .literal.vQueueWaitForMessageRestricted
                0x00000000400808a8        0x0 /Users/cocout/esp/blink/build/freertos/libfreertos.a(queue.o)
                                          0xc (size before relaxing)
 .literal.prvResetNextTaskUnblockTime
                0x00000000400808a8        0x8 /Users/cocout/esp/blink/build/freertos/libfreertos.a(tasks.o)
 .literal.prvDeleteTLS
                0x00000000400808b0       0x10 /Users/cocout/esp/blink/build/freertos/libfreertos.a(tasks.o)
                                         0x18 (size before relaxing)
 .literal.prvInitialiseNewTask
                0x00000000400808c0        0x0 /Users/cocout/esp/blink/build/freertos/libfreertos.a(tasks.o)
                                         0x18 (size before relaxing)
 .literal.prvInitialiseTaskLists
                0x00000000400808c0       0x20 /Users/cocout/esp/blink/build/freertos/libfreertos.a(tasks.o)
                                         0x40 (size before relaxing)
 .literal.prvDeleteTCB
                0x00000000400808e0        0x8 /Users/cocout/esp/blink/build/freertos/libfreertos.a(tasks.o)
                                         0x2c (size before relaxing)
 .literal.prvAddCurrentTaskToDelayedList
                0x00000000400808e8        0x4 /Users/cocout/esp/blink/build/freertos/libfreertos.a(tasks.o)
                                         0x1c (size before relaxing)
 .literal.taskYIELD_OTHER_CORE
                0x00000000400808ec        0x0 /Users/cocout/esp/blink/build/freertos/libfreertos.a(tasks.o)
                                         0x10 (size before relaxing)
 .literal.vTaskSuspendAll
                0x00000000400808ec        0x4 /Users/cocout/esp/blink/build/freertos/libfreertos.a(tasks.o)
                                          0x8 (size before relaxing)
 .literal.xTaskGetIdleTaskHandleForCPU
                0x00000000400808f0        0xc /Users/cocout/esp/blink/build/freertos/libfreertos.a(tasks.o)
                                         0x1c (size before relaxing)
 .literal.vTaskSwitchContext
                0x00000000400808fc       0x18 /Users/cocout/esp/blink/build/freertos/libfreertos.a(tasks.o)
                                         0x3c (size before relaxing)
 .literal.vTaskSetTimeOutState
                0x0000000040080914        0xc /Users/cocout/esp/blink/build/freertos/libfreertos.a(tasks.o)
                                         0x20 (size before relaxing)
 .literal.xTaskGetCurrentTaskHandle
                0x0000000040080920        0x0 /Users/cocout/esp/blink/build/freertos/libfreertos.a(tasks.o)
                                          0x8 (size before relaxing)
 .literal.__getreent
                0x0000000040080920        0x0 /Users/cocout/esp/blink/build/freertos/libfreertos.a(tasks.o)
                                          0x8 (size before relaxing)
 .literal.pcTaskGetTaskName
                0x0000000040080920        0x8 /Users/cocout/esp/blink/build/freertos/libfreertos.a(tasks.o)
                                         0x1c (size before relaxing)
 .literal.xTaskGetAffinity
                0x0000000040080928        0x0 /Users/cocout/esp/blink/build/freertos/libfreertos.a(tasks.o)
                                          0x4 (size before relaxing)
 .literal.xTaskGetCurrentTaskHandleForCPU
                0x0000000040080928        0x0 /Users/cocout/esp/blink/build/freertos/libfreertos.a(tasks.o)
                                          0x4 (size before relaxing)
 .literal.xTaskGetSchedulerState
                0x0000000040080928        0x4 /Users/cocout/esp/blink/build/freertos/libfreertos.a(tasks.o)
                                          0xc (size before relaxing)
 .literal.vTaskEnterCritical
                0x000000004008092c       0x14 /Users/cocout/esp/blink/build/freertos/libfreertos.a(tasks.o)
                                         0x34 (size before relaxing)
 .literal.vTaskExitCritical
                0x0000000040080940       0x10 /Users/cocout/esp/blink/build/freertos/libfreertos.a(tasks.o)
                                         0x30 (size before relaxing)
 .literal.prvAddNewTaskToReadyList
                0x0000000040080950       0x10 /Users/cocout/esp/blink/build/freertos/libfreertos.a(tasks.o)
                                         0x58 (size before relaxing)
 .literal.xTaskCreatePinnedToCore
                0x0000000040080960        0x0 /Users/cocout/esp/blink/build/freertos/libfreertos.a(tasks.o)
                                         0x18 (size before relaxing)
 .literal.vTaskStartScheduler
                0x0000000040080960       0x10 /Users/cocout/esp/blink/build/freertos/libfreertos.a(tasks.o)
                                         0x38 (size before relaxing)
 .literal.vTaskDelete
                0x0000000040080970        0x8 /Users/cocout/esp/blink/build/freertos/libfreertos.a(tasks.o)
                                         0x60 (size before relaxing)
 .literal.vTaskDelay
                0x0000000040080978        0x4 /Users/cocout/esp/blink/build/freertos/libfreertos.a(tasks.o)
                                         0x38 (size before relaxing)
 .literal.prvCheckTasksWaitingTermination
                0x000000004008097c        0x8 /Users/cocout/esp/blink/build/freertos/libfreertos.a(tasks.o)
                                         0x30 (size before relaxing)
 .literal.prvIdleTask
                0x0000000040080984        0x0 /Users/cocout/esp/blink/build/freertos/libfreertos.a(tasks.o)
                                          0xc (size before relaxing)
 .literal.xTaskGetTickCount
                0x0000000040080984        0x4 /Users/cocout/esp/blink/build/freertos/libfreertos.a(tasks.o)
                                         0x10 (size before relaxing)
 .literal.xTaskIncrementTick
                0x0000000040080988        0xc /Users/cocout/esp/blink/build/freertos/libfreertos.a(tasks.o)
                                         0x78 (size before relaxing)
 .literal.xTaskResumeAll
                0x0000000040080994        0x8 /Users/cocout/esp/blink/build/freertos/libfreertos.a(tasks.o)
                                         0x5c (size before relaxing)
 .literal.vTaskPlaceOnEventList
                0x000000004008099c        0x8 /Users/cocout/esp/blink/build/freertos/libfreertos.a(tasks.o)
                                         0x40 (size before relaxing)
 .literal.vTaskPlaceOnEventListRestricted
                0x00000000400809a4        0x8 /Users/cocout/esp/blink/build/freertos/libfreertos.a(tasks.o)
                                         0x38 (size before relaxing)
 .literal.xTaskRemoveFromEventList
                0x00000000400809ac        0x8 /Users/cocout/esp/blink/build/freertos/libfreertos.a(tasks.o)
                                         0x58 (size before relaxing)
 .literal.xTaskCheckForTimeOut
                0x00000000400809b4        0xc /Users/cocout/esp/blink/build/freertos/libfreertos.a(tasks.o)
                                         0x3c (size before relaxing)
 .literal.vTaskPriorityInherit
                0x00000000400809c0        0x0 /Users/cocout/esp/blink/build/freertos/libfreertos.a(tasks.o)
                                         0x2c (size before relaxing)
 .literal.xTaskPriorityDisinherit
                0x00000000400809c0        0x8 /Users/cocout/esp/blink/build/freertos/libfreertos.a(tasks.o)
                                         0x40 (size before relaxing)
 .literal.pvTaskIncrementMutexHeldCount
                0x00000000400809c8        0x0 /Users/cocout/esp/blink/build/freertos/libfreertos.a(tasks.o)
                                         0x10 (size before relaxing)
 .literal.prvGetNextExpireTime
                0x00000000400809c8        0x4 /Users/cocout/esp/blink/build/freertos/libfreertos.a(timers.o)
 .literal.prvInsertTimerInActiveList
                0x00000000400809cc        0x4 /Users/cocout/esp/blink/build/freertos/libfreertos.a(timers.o)
                                         0x10 (size before relaxing)
 .literal.prvCheckForValidListAndQueue
                0x00000000400809d0       0x1c /Users/cocout/esp/blink/build/freertos/libfreertos.a(timers.o)
                                         0x44 (size before relaxing)
 .literal.xTimerCreateTimerTask
                0x00000000400809ec       0x10 /Users/cocout/esp/blink/build/freertos/libfreertos.a(timers.o)
                                         0x2c (size before relaxing)
 .literal.xTimerGenericCommand
                0x00000000400809fc        0x0 /Users/cocout/esp/blink/build/freertos/libfreertos.a(timers.o)
                                         0x14 (size before relaxing)
 .literal.prvSwitchTimerLists
                0x00000000400809fc        0x4 /Users/cocout/esp/blink/build/freertos/libfreertos.a(timers.o)
                                         0x28 (size before relaxing)
 .literal.prvSampleTimeNow
                0x0000000040080a00        0x4 /Users/cocout/esp/blink/build/freertos/libfreertos.a(timers.o)
                                          0xc (size before relaxing)
 .literal.prvProcessExpiredTimer
                0x0000000040080a04        0x4 /Users/cocout/esp/blink/build/freertos/libfreertos.a(timers.o)
                                         0x24 (size before relaxing)
 .literal.prvProcessTimerOrBlockTask
                0x0000000040080a08        0x0 /Users/cocout/esp/blink/build/freertos/libfreertos.a(timers.o)
                                         0x24 (size before relaxing)
 .literal.prvProcessReceivedCommands
                0x0000000040080a08        0x8 /Users/cocout/esp/blink/build/freertos/libfreertos.a(timers.o)
                                         0x40 (size before relaxing)
 .literal.prvTimerTask
                0x0000000040080a10        0x0 /Users/cocout/esp/blink/build/freertos/libfreertos.a(timers.o)
                                          0xc (size before relaxing)
 .literal._xt_tick_divisor_init
                0x0000000040080a10        0x8 /Users/cocout/esp/blink/build/freertos/libfreertos.a(xtensa_init.o)
                                          0xc (size before relaxing)
 .literal.xt_unhandled_interrupt
                0x0000000040080a18        0x4 /Users/cocout/esp/blink/build/freertos/libfreertos.a(xtensa_intr.o)
                                          0x8 (size before relaxing)
 .literal.xt_set_interrupt_handler
                0x0000000040080a1c        0x8 /Users/cocout/esp/blink/build/freertos/libfreertos.a(xtensa_intr.o)
                                          0xc (size before relaxing)
 .literal       0x0000000040080a24        0xc /Users/cocout/esp/blink/build/freertos/libfreertos.a(portasm.o)
                                         0x54 (size before relaxing)
 .literal       0x0000000040080a30        0x0 /Users/cocout/esp/blink/build/freertos/libfreertos.a(xtensa_context.o)
                                         0x10 (size before relaxing)
 .literal.get_prev_free_block
                0x0000000040080a30       0x10 /Users/cocout/esp/blink/build/heap/libheap.a(multi_heap.o)
                                         0x28 (size before relaxing)
 .literal.split_if_necessary
                0x0000000040080a40       0x10 /Users/cocout/esp/blink/build/heap/libheap.a(multi_heap.o)
                                         0x50 (size before relaxing)
 .literal.assert_valid_block
                0x0000000040080a50        0x0 /Users/cocout/esp/blink/build/heap/libheap.a(multi_heap.o)
                                         0x2c (size before relaxing)
 .literal.merge_adjacent
                0x0000000040080a50        0x8 /Users/cocout/esp/blink/build/heap/libheap.a(multi_heap.o)
                                         0x4c (size before relaxing)
 .literal.multi_heap_get_allocated_size_impl
                0x0000000040080a58        0x0 /Users/cocout/esp/blink/build/heap/libheap.a(multi_heap.o)
                                         0x10 (size before relaxing)
 .literal.multi_heap_malloc_impl
                0x0000000040080a58        0x0 /Users/cocout/esp/blink/build/heap/libheap.a(multi_heap.o)
                                         0x28 (size before relaxing)
 .literal.multi_heap_free_impl
                0x0000000040080a58        0x0 /Users/cocout/esp/blink/build/heap/libheap.a(multi_heap.o)
                                         0x50 (size before relaxing)
 .literal.multi_heap_realloc_impl
                0x0000000040080a58        0x8 /Users/cocout/esp/blink/build/heap/libheap.a(multi_heap.o)
                                         0x68 (size before relaxing)
 .literal.panicPutChar
                0x0000000040080a60        0x8 /Users/cocout/esp/blink/build/esp32/libesp32.a(panic.o)
 .literal.panicPutStr
                0x0000000040080a68        0x0 /Users/cocout/esp/blink/build/esp32/libesp32.a(panic.o)
                                          0x4 (size before relaxing)
 .literal.panicPutHex
                0x0000000040080a68        0x0 /Users/cocout/esp/blink/build/esp32/libesp32.a(panic.o)
                                          0x8 (size before relaxing)
 .literal.panicPutDec
                0x0000000040080a68        0x4 /Users/cocout/esp/blink/build/esp32/libesp32.a(panic.o)
                                         0x10 (size before relaxing)
 .literal.reconfigureAllWdts
                0x0000000040080a6c       0x10 /Users/cocout/esp/blink/build/esp32/libesp32.a(panic.o)
                                         0x24 (size before relaxing)
 .literal.putEntry
                0x0000000040080a7c       0x10 /Users/cocout/esp/blink/build/esp32/libesp32.a(panic.o)
                                         0x20 (size before relaxing)
 .literal.doBacktrace
                0x0000000040080a8c       0x10 /Users/cocout/esp/blink/build/esp32/libesp32.a(panic.o)
                                         0x24 (size before relaxing)
 .literal.invoke_abort
                0x0000000040080a9c        0x4 /Users/cocout/esp/blink/build/esp32/libesp32.a(panic.o)
                                          0x8 (size before relaxing)
 .literal.haltOtherCore
                0x0000000040080aa0        0x0 /Users/cocout/esp/blink/build/esp32/libesp32.a(panic.o)
                                          0x4 (size before relaxing)
 .literal.esp_panic_wdt_start
                0x0000000040080aa0       0x14 /Users/cocout/esp/blink/build/esp32/libesp32.a(panic.o)
                                         0x2c (size before relaxing)
 .literal.commonErrorHandler_dump
                0x0000000040080ab4       0x30 /Users/cocout/esp/blink/build/esp32/libesp32.a(panic.o)
                                         0x90 (size before relaxing)
 .literal.esp_panic_dig_reset
                0x0000000040080ae4        0x0 /Users/cocout/esp/blink/build/esp32/libesp32.a(panic.o)
                                         0x14 (size before relaxing)
 .literal.abort
                0x0000000040080ae4        0x8 /Users/cocout/esp/blink/build/esp32/libesp32.a(panic.o)
                                         0x10 (size before relaxing)
 .literal.vApplicationStackOverflowHook
                0x0000000040080aec        0x8 /Users/cocout/esp/blink/build/esp32/libesp32.a(panic.o)
                                         0x18 (size before relaxing)
 .literal.esp_panic_wdt_stop
                0x0000000040080af4        0x0 /Users/cocout/esp/blink/build/esp32/libesp32.a(panic.o)
                                         0x18 (size before relaxing)
 .literal.commonErrorHandler
                0x0000000040080af4        0x4 /Users/cocout/esp/blink/build/esp32/libesp32.a(panic.o)
                                         0x28 (size before relaxing)
 .literal.panicHandler
                0x0000000040080af8       0x34 /Users/cocout/esp/blink/build/esp32/libesp32.a(panic.o)
                                         0xa4 (size before relaxing)
 .literal.xt_unhandled_exception
                0x0000000040080b2c       0x18 /Users/cocout/esp/blink/build/esp32/libesp32.a(panic.o)
                                         0x60 (size before relaxing)
 .literal._esp_error_check_failed
                0x0000000040080b44       0x14 /Users/cocout/esp/blink/build/esp32/libesp32.a(panic.o)
                                         0x30 (size before relaxing)
 .literal.rtc_clk_32k_enable_internal
                0x0000000040080b58       0x14 /Users/cocout/esp/blink/build/soc/libsoc.a(rtc_clk.o)
 .literal.rtc_clk_32k_enable
                0x0000000040080b6c        0x4 /Users/cocout/esp/blink/build/soc/libsoc.a(rtc_clk.o)
                                          0xc (size before relaxing)
 .literal.rtc_clk_32k_bootstrap
                0x0000000040080b70        0xc /Users/cocout/esp/blink/build/soc/libsoc.a(rtc_clk.o)
                                         0x34 (size before relaxing)
 .literal.rtc_clk_slow_freq_set
                0x0000000040080b7c        0x4 /Users/cocout/esp/blink/build/soc/libsoc.a(rtc_clk.o)
                                          0xc (size before relaxing)
 .literal.rtc_clk_slow_freq_get
                0x0000000040080b80        0x0 /Users/cocout/esp/blink/build/soc/libsoc.a(rtc_clk.o)
                                          0x4 (size before relaxing)
 .literal.rtc_clk_slow_freq_get_hz
                0x0000000040080b80        0xc /Users/cocout/esp/blink/build/soc/libsoc.a(rtc_clk.o)
                                         0x10 (size before relaxing)
 .literal.rtc_clk_fast_freq_set
                0x0000000040080b8c        0x4 /Users/cocout/esp/blink/build/soc/libsoc.a(rtc_clk.o)
                                          0xc (size before relaxing)
 .literal.rtc_clk_bbpll_set
                0x0000000040080b90        0xc /Users/cocout/esp/blink/build/soc/libsoc.a(rtc_clk.o)
                                         0x38 (size before relaxing)
 .literal.rtc_clk_xtal_freq_get
                0x0000000040080b9c        0xc /Users/cocout/esp/blink/build/soc/libsoc.a(rtc_clk.o)
                                         0x1c (size before relaxing)
 .literal.rtc_clk_cpu_freq_get
                0x0000000040080ba8       0x14 /Users/cocout/esp/blink/build/soc/libsoc.a(rtc_clk.o)
                                         0x2c (size before relaxing)
 .literal.rtc_clk_cpu_freq_value
                0x0000000040080bbc       0x1c /Users/cocout/esp/blink/build/soc/libsoc.a(rtc_clk.o)
                                         0x2c (size before relaxing)
 .literal.rtc_clk_apb_freq_update
                0x0000000040080bd8        0x4 /Users/cocout/esp/blink/build/soc/libsoc.a(rtc_clk.o)
                                          0x8 (size before relaxing)
 .literal.rtc_clk_cpu_freq_set
                0x0000000040080bdc       0x1c /Users/cocout/esp/blink/build/soc/libsoc.a(rtc_clk.o)
                                         0x88 (size before relaxing)
 .literal.rtc_clk_apb_freq_get
                0x0000000040080bf8        0x8 /Users/cocout/esp/blink/build/soc/libsoc.a(rtc_clk.o)
                                         0x14 (size before relaxing)
 .literal.rtc_init
                0x0000000040080c00       0x80 /Users/cocout/esp/blink/build/soc/libsoc.a(rtc_init.o)
                                         0xdc (size before relaxing)
 .literal.rtc_clk_cal_internal
                0x0000000040080c80       0x10 /Users/cocout/esp/blink/build/soc/libsoc.a(rtc_time.o)
                                         0x3c (size before relaxing)
 .literal.rtc_clk_cal
                0x0000000040080c90        0x0 /Users/cocout/esp/blink/build/soc/libsoc.a(rtc_time.o)
                                          0xc (size before relaxing)
 .literal.rtc_time_get
                0x0000000040080c90       0x10 /Users/cocout/esp/blink/build/soc/libsoc.a(rtc_time.o)
                                         0x18 (size before relaxing)
 .literal.rtc_clk_wait_for_slow_cycle
                0x0000000040080ca0        0x8 /Users/cocout/esp/blink/build/soc/libsoc.a(rtc_time.o)
                                         0x20 (size before relaxing)
 .literal       0x0000000040080ca8        0x0 /Users/cocout/esp/esp-idf/components/esp32/libhal.a(windowspill_asm.o)
                                          0x4 (size before relaxing)
 .literal.esp_rom_spiflash_read_status
                0x0000000040080ca8       0x10 /Users/cocout/esp/blink/build/spi_flash/libspi_flash.a(spi_flash_rom_patch.o)
                                         0x14 (size before relaxing)
 .literal.esp_rom_spiflash_wait_idle
                0x0000000040080cb8        0x8 /Users/cocout/esp/blink/build/spi_flash/libspi_flash.a(spi_flash_rom_patch.o)
                                          0xc (size before relaxing)
 .literal.esp_rom_spiflash_erase_block_internal
                0x0000000040080cc0        0x4 /Users/cocout/esp/blink/build/spi_flash/libspi_flash.a(spi_flash_rom_patch.o)
                                         0x18 (size before relaxing)
 .literal.esp_rom_spiflash_erase_sector_internal
                0x0000000040080cc4        0x0 /Users/cocout/esp/blink/build/spi_flash/libspi_flash.a(spi_flash_rom_patch.o)
                                         0x18 (size before relaxing)
 .literal.esp_rom_spiflash_read_data
                0x0000000040080cc4       0x18 /Users/cocout/esp/blink/build/spi_flash/libspi_flash.a(spi_flash_rom_patch.o)
                                         0x34 (size before relaxing)
 .literal.esp_rom_spiflash_enable_write
                0x0000000040080cdc        0x0 /Users/cocout/esp/blink/build/spi_flash/libspi_flash.a(spi_flash_rom_patch.o)
                                         0x10 (size before relaxing)
 .literal.esp_rom_spiflash_program_page_internal
                0x0000000040080cdc       0x10 /Users/cocout/esp/blink/build/spi_flash/libspi_flash.a(spi_flash_rom_patch.o)
                                         0x40 (size before relaxing)
 .literal.esp_rom_spiflash_read_statushigh
                0x0000000040080cec        0x4 /Users/cocout/esp/blink/build/spi_flash/libspi_flash.a(spi_flash_rom_patch.o)
                                          0xc (size before relaxing)
 .literal.esp_rom_spiflash_write_status
                0x0000000040080cf0        0x4 /Users/cocout/esp/blink/build/spi_flash/libspi_flash.a(spi_flash_rom_patch.o)
                                         0x14 (size before relaxing)
 .literal.esp_rom_spiflash_unlock
                0x0000000040080cf4        0x8 /Users/cocout/esp/blink/build/spi_flash/libspi_flash.a(spi_flash_rom_patch.o)
                                         0x28 (size before relaxing)
 .literal.esp_rom_spiflash_erase_block
                0x0000000040080cfc        0xc /Users/cocout/esp/blink/build/spi_flash/libspi_flash.a(spi_flash_rom_patch.o)
                                         0x20 (size before relaxing)
 .literal.esp_rom_spiflash_erase_sector
                0x0000000040080d08        0x0 /Users/cocout/esp/blink/build/spi_flash/libspi_flash.a(spi_flash_rom_patch.o)
                                         0x20 (size before relaxing)
 .literal.esp_rom_spiflash_write
                0x0000000040080d08        0x0 /Users/cocout/esp/blink/build/spi_flash/libspi_flash.a(spi_flash_rom_patch.o)
                                         0x28 (size before relaxing)
 .literal.esp_rom_spiflash_write_encrypted
                0x0000000040080d08        0xc /Users/cocout/esp/blink/build/spi_flash/libspi_flash.a(spi_flash_rom_patch.o)
                                         0x10 (size before relaxing)
 .literal.esp_rom_spiflash_read
                0x0000000040080d14       0x30 /Users/cocout/esp/blink/build/spi_flash/libspi_flash.a(spi_flash_rom_patch.o)
                                         0x5c (size before relaxing)
 .literal       0x0000000040080d44       0x10 /Users/cocout/esp/esp-idf/components/newlib/lib/libm.a(lib_a-s_fpclassify.o)
                                         0x18 (size before relaxing)
 .iram1         0x0000000040080d54      0x27e /Users/cocout/esp/blink/build/esp32/libesp32.a(cpu_start.o)
                                        0x336 (size before relaxing)
                0x0000000040080d54                start_cpu0
                0x0000000040080d54                start_cpu0_default
                0x0000000040080e24                start_cpu1_default
                0x0000000040080e24                start_cpu1
                0x0000000040080ea0                call_start_cpu0
 *fill*         0x0000000040080fd2        0x2 
 .iram1         0x0000000040080fd4       0xb0 /Users/cocout/esp/blink/build/esp32/libesp32.a(crosscore_int.o)
                                         0xc0 (size before relaxing)
                0x000000004008106c                esp_crosscore_int_send_yield
                0x0000000040081078                esp_crosscore_int_send_freq_switch
 .iram1         0x0000000040081084      0x1e3 /Users/cocout/esp/blink/build/esp32/libesp32.a(dport_access.o)
                                        0x1ef (size before relaxing)
                0x0000000040081084                esp_dport_access_stall_other_cpu_start
                0x0000000040081134                esp_dport_access_stall_other_cpu_end
                0x00000000400811b0                esp_dport_access_stall_other_cpu_start_wrap
                0x00000000400811b8                esp_dport_access_stall_other_cpu_end_wrap
                0x00000000400811c0                esp_dport_access_int_pause
                0x00000000400811e4                esp_dport_access_int_abort
                0x00000000400811f8                esp_dport_access_int_resume
                0x000000004008121c                esp_dport_access_reg_read
                0x0000000040081234                esp_dport_access_sequence_reg_read
                0x0000000040081240                esp_dport_access_read_buffer
 *fill*         0x0000000040081267        0x1 
 .iram1         0x0000000040081268      0x205 /Users/cocout/esp/blink/build/esp32/libesp32.a(esp_timer.o)
                                        0x219 (size before relaxing)
                0x0000000040081384                esp_timer_stop
                0x00000000400813a8                esp_timer_get_next_alarm
                0x00000000400813c8                esp_timer_get_time
                0x00000000400813d8                esp_timer_start_once
                0x000000004008141c                esp_timer_start_periodic
 *fill*         0x000000004008146d        0x3 
 .iram1         0x0000000040081470      0x4ab /Users/cocout/esp/blink/build/esp32/libesp32.a(esp_timer_esp32.o)
                                        0x4bb (size before relaxing)
                0x0000000040081594                esp_timer_impl_get_time
                0x0000000040081704                esp_timer_impl_set_alarm
                0x000000004008184c                esp_timer_impl_update_apb_freq
                0x0000000040081910                esp_timer_impl_get_min_period_us
 *fill*         0x000000004008191b        0x1 
 .iram1         0x000000004008191c       0x53 /Users/cocout/esp/blink/build/esp32/libesp32.a(int_wdt.o)
 *fill*         0x000000004008196f        0x1 
 .iram1         0x0000000040081970      0x2b6 /Users/cocout/esp/blink/build/esp32/libesp32.a(intr_alloc.o)
                                        0x2ce (size before relaxing)
                0x00000000400819ac                esp_intr_set_in_iram
                0x0000000040081a34                esp_intr_enable
                0x0000000040081abc                esp_intr_disable
                0x0000000040081b84                esp_intr_noniram_disable
                0x0000000040081bd0                esp_intr_noniram_enable
                0x0000000040081c10                ets_isr_unmask
                0x0000000040081c1c                ets_isr_mask
 *fill*         0x0000000040081c26        0x2 
 .iram1         0x0000000040081c28       0x7f /Users/cocout/esp/blink/build/esp32/libesp32.a(ipc.o)
                                         0x8b (size before relaxing)
 *fill*         0x0000000040081ca7        0x1 
 .iram1         0x0000000040081ca8      0x1e1 /Users/cocout/esp/blink/build/esp32/libesp32.a(system_api.o)
                                        0x21c (size before relaxing)
                0x0000000040081d20                esp_restart_noos
                0x0000000040081e68                esp_restart
                0x0000000040081e68                system_restart
 *fill*         0x0000000040081e89        0x3 
 .iram1         0x0000000040081e8c       0xda /Users/cocout/esp/blink/build/esp32/libesp32.a(dport_panic_highint_hdl.o)
                0x0000000040081e8c                xt_highint4
                0x0000000040081f66                ld_include_panic_highint_hdl
 *fill*         0x0000000040081f66        0x2 
 .iram1         0x0000000040081f68       0x2c /Users/cocout/esp/blink/build/esp32/libesp32.a(cache_err_int.o)
                                         0x34 (size before relaxing)
                0x0000000040081f68                esp_cache_err_get_cpuid
 .iram1         0x0000000040081f94       0x37 /Users/cocout/esp/blink/build/esp32/libesp32.a(clk.o)
                0x0000000040081f94                esp_clk_cpu_freq
                0x0000000040081fa4                esp_clk_apb_freq
                0x0000000040081fbc                ets_update_cpu_frequency
 *fill*         0x0000000040081fcb        0x1 
 .iram1         0x0000000040081fcc       0x27 /Users/cocout/esp/blink/build/esp32/libesp32.a(freertos_hooks.o)
                0x0000000040081fcc                esp_vApplicationTickHook
 *fill*         0x0000000040081ff3        0x1 
 .iram1         0x0000000040081ff4       0x1a /Users/cocout/esp/blink/build/freertos/libfreertos.a(port.o)
                0x0000000040081ff4                xPortInterruptedFromISRContext
 *fill*         0x000000004008200e        0x2 
 .iram1         0x0000000040082010      0x4b4 /Users/cocout/esp/blink/build/freertos/libfreertos.a(xtensa_vectors.o)
                0x0000000040082010                _xt_panic
                0x0000000040082128                _xt_user_exit
                0x0000000040082414                _xt_medint2_exit
                0x00000000400824b0                _xt_medint3_exit
 .iram1         0x00000000400824c4      0x3dd /Users/cocout/esp/blink/build/heap/libheap.a(heap_caps.o)
                                        0x3f5 (size before relaxing)
                0x0000000040082554                heap_caps_malloc
                0x00000000400825f0                heap_caps_malloc_default
                0x0000000040082634                heap_caps_malloc_prefer
                0x000000004008268c                heap_caps_free
                0x00000000400826c4                heap_caps_realloc
                0x0000000040082770                heap_caps_realloc_default
                0x00000000400827c8                heap_caps_realloc_prefer
                0x000000004008282c                heap_caps_calloc
                0x000000004008284c                heap_caps_calloc_prefer
 *fill*         0x00000000400828a1        0x3 
 .iram1         0x00000000400828a4      0x18a /Users/cocout/esp/blink/build/log/liblog.a(log.o)
                                        0x19a (size before relaxing)
                0x00000000400828a4                esp_log_write
                0x00000000400829d4                esp_log_early_timestamp
                0x00000000400829f0                esp_log_timestamp
 *fill*         0x0000000040082a2e        0x2 
 .iram1         0x0000000040082a30      0x1cc /Users/cocout/esp/blink/build/newlib/libnewlib.a(locks.o)
                                        0x210 (size before relaxing)
                0x0000000040082b48                _lock_init
                0x0000000040082b58                _lock_init_recursive
                0x0000000040082b68                _lock_close
                0x0000000040082ba4                _lock_acquire
                0x0000000040082bb4                _lock_acquire_recursive
                0x0000000040082bc4                _lock_try_acquire
                0x0000000040082bd4                _lock_try_acquire_recursive
                0x0000000040082be4                _lock_release
                0x0000000040082bf0                _lock_release_recursive
 .iram1         0x0000000040082bfc       0x3c /Users/cocout/esp/blink/build/newlib/libnewlib.a(reent_init.o)
                0x0000000040082bfc                esp_reent_init
 .iram1         0x0000000040082c38       0x4a /Users/cocout/esp/blink/build/newlib/libnewlib.a(syscalls.o)
                                         0x52 (size before relaxing)
                0x0000000040082c38                _malloc_r
                0x0000000040082c44                _free_r
                0x0000000040082c50                _realloc_r
                0x0000000040082c64                _calloc_r
 *fill*         0x0000000040082c82        0x2 
 .iram1         0x0000000040082c84       0x6c /Users/cocout/esp/blink/build/newlib/libnewlib.a(time.o)
                                         0x74 (size before relaxing)
                0x0000000040082c84                _gettimeofday_r
                0x0000000040082cc8                _times_r
 .iram1         0x0000000040082cf0      0x11a /Users/cocout/esp/blink/build/soc/libsoc.a(cpu_util.o)
                0x0000000040082cf0                esp_cpu_stall
                0x0000000040082d84                esp_cpu_unstall
                0x0000000040082dd8                esp_cpu_reset
                0x0000000040082dfc                esp_cpu_in_ocd_debug_mode
 *fill*         0x0000000040082e0a        0x2 
 .iram1         0x0000000040082e0c      0x2e0 /Users/cocout/esp/blink/build/spi_flash/libspi_flash.a(cache_utils.o)
                                        0x320 (size before relaxing)
                0x0000000040082e70                spi_flash_op_block_func
                0x0000000040082f1c                spi_flash_disable_interrupts_caches_and_other_cpu
                0x0000000040082fe8                spi_flash_enable_interrupts_caches_and_other_cpu
                0x0000000040083080                spi_flash_disable_interrupts_caches_and_other_cpu_no_os
                0x00000000400830ac                spi_flash_enable_interrupts_caches_no_os
                0x00000000400830c8                spi_flash_cache_enabled
 .iram1         0x00000000400830ec      0x722 /Users/cocout/esp/blink/build/spi_flash/libspi_flash.a(flash_ops.o)
                                        0x74a (size before relaxing)
                0x000000004008315c                spi_flash_guard_set
                0x0000000040083168                spi_flash_guard_get
                0x0000000040083174                spi_flash_get_chip_size
                0x0000000040083180                spi_flash_erase_range
                0x0000000040083238                spi_flash_erase_sector
                0x000000004008325c                spi_flash_write
                0x0000000040083424                spi_flash_read
                0x00000000400836bc                spi_flash_read_encrypted
                0x0000000040083704                spi_flash_write_encrypted
 *fill*         0x000000004008380e        0x2 
 .iram1         0x0000000040083810      0x49e /Users/cocout/esp/blink/build/spi_flash/libspi_flash.a(flash_mmap.o)
                                        0x4ce (size before relaxing)
                0x000000004008393c                spi_flash_mmap_pages
                0x0000000040083b50                spi_flash_mmap
                0x0000000040083bc0                spi_flash_munmap
                0x0000000040083c64                spi_flash_mark_modified_region
 *fill*         0x0000000040083cae        0x2 
 .iram1         0x0000000040083cb0       0x20 /Users/cocout/esp/blink/build/esp32/libesp32.a(dbg_stubs.o)
 *fill*         0x0000000040083cd0        0x0 
 *fill*         0x0000000040083cd0        0x0 
 *fill*         0x0000000040083cd0        0x0 
 *fill*         0x0000000040083cd0        0x0 
 *fill*         0x0000000040083cd0        0x0 
 *fill*         0x0000000040083cd0        0x0 
 *fill*         0x0000000040083cd0        0x0 
 *fill*         0x0000000040083cd0        0x0 
 *fill*         0x0000000040083cd0        0x0 
 *fill*         0x0000000040083cd0        0x0 
 .iram1         0x0000000040083cd0       0x2e /Users/cocout/esp/blink/build/freertos/libfreertos.a(xtensa_vector_defaults.o)
                0x0000000040083cd0                xt_debugexception
                0x0000000040083cf0                xt_highint5
                0x0000000040083cf8                _xt_nmi
                0x0000000040083cf8                xt_nmi
 *fill*         0x0000000040083cfe        0x0 
 *fill*         0x0000000040083cfe        0x0 
 *fill*         0x0000000040083cfe        0x0 
 *fill*         0x0000000040083cfe        0x0 
 *fill*         0x0000000040083cfe        0x0 
 *fill*         0x0000000040083cfe        0x0 
 *libfreertos.a:(.literal .text .literal.* .text.*)
 *fill*         0x0000000040083cfe        0x2 
 .text.pxPortInitialiseStack
                0x0000000040083d00       0x86 /Users/cocout/esp/blink/build/freertos/libfreertos.a(port.o)
                0x0000000040083d00                pxPortInitialiseStack
 *fill*         0x0000000040083d86        0x2 
 .text.xPortStartScheduler
                0x0000000040083d88       0x22 /Users/cocout/esp/blink/build/freertos/libfreertos.a(port.o)
                                         0x2e (size before relaxing)
                0x0000000040083d88                xPortStartScheduler
 *fill*         0x0000000040083daa        0x2 
 .text.xPortSysTickHandler
                0x0000000040083dac       0x10 /Users/cocout/esp/blink/build/freertos/libfreertos.a(port.o)
                                         0x16 (size before relaxing)
                0x0000000040083dac                xPortSysTickHandler
 *fill*         0x0000000040083dbc        0x0 
 .text.vPortYieldOtherCore
                0x0000000040083dbc        0xa /Users/cocout/esp/blink/build/freertos/libfreertos.a(port.o)
                                          0xe (size before relaxing)
                0x0000000040083dbc                vPortYieldOtherCore
 *fill*         0x0000000040083dc6        0x2 
 .text.vPortReleaseTaskMPUSettings
                0x0000000040083dc8        0xa /Users/cocout/esp/blink/build/freertos/libfreertos.a(port.o)
                                          0xe (size before relaxing)
                0x0000000040083dc8                vPortReleaseTaskMPUSettings
 *fill*         0x0000000040083dd2        0x2 
 .text.xPortInIsrContext
                0x0000000040083dd4       0x26 /Users/cocout/esp/blink/build/freertos/libfreertos.a(port.o)
                0x0000000040083dd4                xPortInIsrContext
 *fill*         0x0000000040083dfa        0x2 
 .text.vPortCPUInitializeMutex
                0x0000000040083dfc        0xe /Users/cocout/esp/blink/build/freertos/libfreertos.a(port.o)
                0x0000000040083dfc                vPortCPUInitializeMutex
 *fill*         0x0000000040083e0a        0x2 
 .text.vPortCPUAcquireMutex
                0x0000000040083e0c       0x81 /Users/cocout/esp/blink/build/freertos/libfreertos.a(port.o)
                                         0x88 (size before relaxing)
                0x0000000040083e0c                vPortCPUAcquireMutex
 *fill*         0x0000000040083e8d        0x3 
 .text.vPortCPUReleaseMutex
                0x0000000040083e90       0x59 /Users/cocout/esp/blink/build/freertos/libfreertos.a(port.o)
                                         0x61 (size before relaxing)
                0x0000000040083e90                vPortCPUReleaseMutex
 *fill*         0x0000000040083ee9        0x3 
 .text.prvIsQueueFull
                0x0000000040083eec       0x2a /Users/cocout/esp/blink/build/freertos/libfreertos.a(queue.o)
 *fill*         0x0000000040083f16        0x2 
 .text.prvCopyDataToQueue
                0x0000000040083f18       0x9e /Users/cocout/esp/blink/build/freertos/libfreertos.a(queue.o)
 *fill*         0x0000000040083fb6        0x2 
 .text.prvNotifyQueueSetContainer
                0x0000000040083fb8       0x6a /Users/cocout/esp/blink/build/freertos/libfreertos.a(queue.o)
                                         0x76 (size before relaxing)
 *fill*         0x0000000040084022        0x2 
 .text.prvCopyDataFromQueue
                0x0000000040084024       0x24 /Users/cocout/esp/blink/build/freertos/libfreertos.a(queue.o)
 .text.xQueueGenericReset
                0x0000000040084048       0x86 /Users/cocout/esp/blink/build/freertos/libfreertos.a(queue.o)
                                         0x96 (size before relaxing)
                0x0000000040084048                xQueueGenericReset
 *fill*         0x00000000400840ce        0x2 
 .text.prvInitialiseNewQueue
                0x00000000400840d0       0x1f /Users/cocout/esp/blink/build/freertos/libfreertos.a(queue.o)
                                         0x23 (size before relaxing)
 *fill*         0x00000000400840ef        0x1 
 .text.xQueueGenericCreate
                0x00000000400840f0       0x49 /Users/cocout/esp/blink/build/freertos/libfreertos.a(queue.o)
                                         0x4d (size before relaxing)
                0x00000000400840f0                xQueueGenericCreate
 *fill*         0x0000000040084139        0x3 
 .text.xQueueGetMutexHolder
                0x000000004008413c       0x23 /Users/cocout/esp/blink/build/freertos/libfreertos.a(queue.o)
                0x000000004008413c                xQueueGetMutexHolder
 *fill*         0x000000004008415f        0x1 
 .text.xQueueCreateCountingSemaphore
                0x0000000040084160       0x66 /Users/cocout/esp/blink/build/freertos/libfreertos.a(queue.o)
                                         0x6a (size before relaxing)
                0x0000000040084160                xQueueCreateCountingSemaphore
 *fill*         0x00000000400841c6        0x2 
 .text.xQueueGenericSend
                0x00000000400841c8      0x158 /Users/cocout/esp/blink/build/freertos/libfreertos.a(queue.o)
                                        0x18c (size before relaxing)
                0x00000000400841c8                xQueueGenericSend
 .text.prvInitialiseMutex
                0x0000000040084320       0x22 /Users/cocout/esp/blink/build/freertos/libfreertos.a(queue.o)
                                         0x26 (size before relaxing)
 *fill*         0x0000000040084342        0x2 
 .text.xQueueCreateMutex
                0x0000000040084344       0x16 /Users/cocout/esp/blink/build/freertos/libfreertos.a(queue.o)
                                         0x1a (size before relaxing)
                0x0000000040084344                xQueueCreateMutex
 *fill*         0x000000004008435a        0x2 
 .text.xQueueGiveMutexRecursive
                0x000000004008435c       0x48 /Users/cocout/esp/blink/build/freertos/libfreertos.a(queue.o)
                                         0x4c (size before relaxing)
                0x000000004008435c                xQueueGiveMutexRecursive
 .text.xQueueGenericSendFromISR
                0x00000000400843a4       0xd6 /Users/cocout/esp/blink/build/freertos/libfreertos.a(queue.o)
                                         0xe6 (size before relaxing)
                0x00000000400843a4                xQueueGenericSendFromISR
 *fill*         0x000000004008447a        0x2 
 .text.xQueueGiveFromISR
                0x000000004008447c       0xb6 /Users/cocout/esp/blink/build/freertos/libfreertos.a(queue.o)
                                         0xc2 (size before relaxing)
                0x000000004008447c                xQueueGiveFromISR
 *fill*         0x0000000040084532        0x2 
 .text.xQueueGenericReceive
                0x0000000040084534      0x144 /Users/cocout/esp/blink/build/freertos/libfreertos.a(queue.o)
                                        0x178 (size before relaxing)
                0x0000000040084534                xQueueGenericReceive
 .text.xQueueTakeMutexRecursive
                0x0000000040084678       0x51 /Users/cocout/esp/blink/build/freertos/libfreertos.a(queue.o)
                0x0000000040084678                xQueueTakeMutexRecursive
 *fill*         0x00000000400846c9        0x3 
 .text.xQueueReceiveFromISR
                0x00000000400846cc       0x96 /Users/cocout/esp/blink/build/freertos/libfreertos.a(queue.o)
                                         0xa6 (size before relaxing)
                0x00000000400846cc                xQueueReceiveFromISR
 *fill*         0x0000000040084762        0x2 
 .text.vQueueDelete
                0x0000000040084764       0x28 /Users/cocout/esp/blink/build/freertos/libfreertos.a(queue.o)
                0x0000000040084764                vQueueDelete
 .text.vQueueWaitForMessageRestricted
                0x000000004008478c       0x23 /Users/cocout/esp/blink/build/freertos/libfreertos.a(queue.o)
                                         0x2a (size before relaxing)
                0x000000004008478c                vQueueWaitForMessageRestricted
 *fill*         0x00000000400847af        0x1 
 .text.prvResetNextTaskUnblockTime
                0x00000000400847b0       0x34 /Users/cocout/esp/blink/build/freertos/libfreertos.a(tasks.o)
 .text.prvDeleteTLS
                0x00000000400847e4       0x40 /Users/cocout/esp/blink/build/freertos/libfreertos.a(tasks.o)
 .text.prvInitialiseNewTask
                0x0000000040084824       0xc4 /Users/cocout/esp/blink/build/freertos/libfreertos.a(tasks.o)
                                         0xd0 (size before relaxing)
 .text.prvInitialiseTaskLists
                0x00000000400848e8       0x5a /Users/cocout/esp/blink/build/freertos/libfreertos.a(tasks.o)
                                         0x6e (size before relaxing)
 *fill*         0x0000000040084942        0x2 
 .text.prvDeleteTCB
                0x0000000040084944       0x56 /Users/cocout/esp/blink/build/freertos/libfreertos.a(tasks.o)
                                         0x5d (size before relaxing)
 *fill*         0x000000004008499a        0x2 
 .text.prvAddCurrentTaskToDelayedList
                0x000000004008499c       0x66 /Users/cocout/esp/blink/build/freertos/libfreertos.a(tasks.o)
                                         0x6a (size before relaxing)
 *fill*         0x0000000040084a02        0x2 
 .text.taskYIELD_OTHER_CORE
                0x0000000040084a04       0x53 /Users/cocout/esp/blink/build/freertos/libfreertos.a(tasks.o)
                0x0000000040084a04                taskYIELD_OTHER_CORE
 *fill*         0x0000000040084a57        0x1 
 .text.vTaskSuspendAll
                0x0000000040084a58       0x26 /Users/cocout/esp/blink/build/freertos/libfreertos.a(tasks.o)
                0x0000000040084a58                vTaskSuspendAll
 *fill*         0x0000000040084a7e        0x2 
 .text.xTaskGetIdleTaskHandleForCPU
                0x0000000040084a80       0x2a /Users/cocout/esp/blink/build/freertos/libfreertos.a(tasks.o)
                                         0x2e (size before relaxing)
                0x0000000040084a80                xTaskGetIdleTaskHandleForCPU
 *fill*         0x0000000040084aaa        0x2 
 .text.vTaskSwitchContext
                0x0000000040084aac      0x27e /Users/cocout/esp/blink/build/freertos/libfreertos.a(tasks.o)
                                        0x28a (size before relaxing)
                0x0000000040084aac                vTaskSwitchContext
 *fill*         0x0000000040084d2a        0x2 
 .text.vTaskSetTimeOutState
                0x0000000040084d2c       0x34 /Users/cocout/esp/blink/build/freertos/libfreertos.a(tasks.o)
                0x0000000040084d2c                vTaskSetTimeOutState
 .text.xTaskGetCurrentTaskHandle
                0x0000000040084d60       0x1f /Users/cocout/esp/blink/build/freertos/libfreertos.a(tasks.o)
                0x0000000040084d60                xTaskGetCurrentTaskHandle
 *fill*         0x0000000040084d7f        0x1 
 .text.__getreent
                0x0000000040084d80       0x19 /Users/cocout/esp/blink/build/freertos/libfreertos.a(tasks.o)
                0x0000000040084d80                __getreent
 *fill*         0x0000000040084d99        0x3 
 .text.pcTaskGetTaskName
                0x0000000040084d9c       0x2a /Users/cocout/esp/blink/build/freertos/libfreertos.a(tasks.o)
                                         0x2d (size before relaxing)
                0x0000000040084d9c                pcTaskGetTaskName
 *fill*         0x0000000040084dc6        0x2 
 .text.xTaskGetAffinity
                0x0000000040084dc8       0x10 /Users/cocout/esp/blink/build/freertos/libfreertos.a(tasks.o)
                                         0x13 (size before relaxing)
                0x0000000040084dc8                xTaskGetAffinity
 *fill*         0x0000000040084dd8        0x0 
 .text.xTaskGetCurrentTaskHandleForCPU
                0x0000000040084dd8       0x18 /Users/cocout/esp/blink/build/freertos/libfreertos.a(tasks.o)
                0x0000000040084dd8                xTaskGetCurrentTaskHandleForCPU
 .text.xTaskGetSchedulerState
                0x0000000040084df0       0x37 /Users/cocout/esp/blink/build/freertos/libfreertos.a(tasks.o)
                0x0000000040084df0                xTaskGetSchedulerState
 *fill*         0x0000000040084e27        0x1 
 .text.vTaskEnterCritical
                0x0000000040084e28       0xac /Users/cocout/esp/blink/build/freertos/libfreertos.a(tasks.o)
                                         0xb3 (size before relaxing)
                0x0000000040084e28                vTaskEnterCritical
 *fill*         0x0000000040084ed4        0x0 
 .text.vTaskExitCritical
                0x0000000040084ed4       0x83 /Users/cocout/esp/blink/build/freertos/libfreertos.a(tasks.o)
                                         0x8a (size before relaxing)
                0x0000000040084ed4                vTaskExitCritical
 *fill*         0x0000000040084f57        0x1 
 .text.prvAddNewTaskToReadyList
                0x0000000040084f58      0x15c /Users/cocout/esp/blink/build/freertos/libfreertos.a(tasks.o)
                                        0x173 (size before relaxing)
 *fill*         0x00000000400850b4        0x0 
 .text.xTaskCreatePinnedToCore
                0x00000000400850b4       0x6d /Users/cocout/esp/blink/build/freertos/libfreertos.a(tasks.o)
                                         0x79 (size before relaxing)
                0x00000000400850b4                xTaskCreatePinnedToCore
 *fill*         0x0000000040085121        0x3 
 .text.vTaskStartScheduler
                0x0000000040085124       0x67 /Users/cocout/esp/blink/build/freertos/libfreertos.a(tasks.o)
                                         0x72 (size before relaxing)
                0x0000000040085124                vTaskStartScheduler
 *fill*         0x000000004008518b        0x1 
 .text.vTaskDelete
                0x000000004008518c      0x10a /Users/cocout/esp/blink/build/freertos/libfreertos.a(tasks.o)
                                        0x122 (size before relaxing)
                0x000000004008518c                vTaskDelete
 *fill*         0x0000000040085296        0x2 
 .text.vTaskDelay
                0x0000000040085298       0x70 /Users/cocout/esp/blink/build/freertos/libfreertos.a(tasks.o)
                                         0x80 (size before relaxing)
                0x0000000040085298                vTaskDelay
 .text.prvCheckTasksWaitingTermination
                0x0000000040085308       0xbe /Users/cocout/esp/blink/build/freertos/libfreertos.a(tasks.o)
                                         0xc6 (size before relaxing)
 *fill*         0x00000000400853c6        0x2 
 .text.prvIdleTask
                0x00000000400853c8        0xf /Users/cocout/esp/blink/build/freertos/libfreertos.a(tasks.o)
                                         0x18 (size before relaxing)
 *fill*         0x00000000400853d7        0x1 
 .text.xTaskGetTickCount
                0x00000000400853d8       0x1c /Users/cocout/esp/blink/build/freertos/libfreertos.a(tasks.o)
                                         0x20 (size before relaxing)
                0x00000000400853d8                xTaskGetTickCount
 .text.xTaskIncrementTick
                0x00000000400853f4      0x1b2 /Users/cocout/esp/blink/build/freertos/libfreertos.a(tasks.o)
                                        0x1ce (size before relaxing)
                0x00000000400853f4                xTaskIncrementTick
 *fill*         0x00000000400855a6        0x2 
 .text.xTaskResumeAll
                0x00000000400855a8      0x173 /Users/cocout/esp/blink/build/freertos/libfreertos.a(tasks.o)
                                        0x186 (size before relaxing)
                0x00000000400855a8                xTaskResumeAll
 *fill*         0x000000004008571b        0x1 
 .text.vTaskPlaceOnEventList
                0x000000004008571c       0x83 /Users/cocout/esp/blink/build/freertos/libfreertos.a(tasks.o)
                                         0x97 (size before relaxing)
                0x000000004008571c                vTaskPlaceOnEventList
 *fill*         0x000000004008579f        0x1 
 .text.vTaskPlaceOnEventListRestricted
                0x00000000400857a0       0x5b /Users/cocout/esp/blink/build/freertos/libfreertos.a(tasks.o)
                                         0x6f (size before relaxing)
                0x00000000400857a0                vTaskPlaceOnEventListRestricted
 *fill*         0x00000000400857fb        0x1 
 .text.xTaskRemoveFromEventList
                0x00000000400857fc      0x134 /Users/cocout/esp/blink/build/freertos/libfreertos.a(tasks.o)
                                        0x143 (size before relaxing)
                0x00000000400857fc                xTaskRemoveFromEventList
 *fill*         0x0000000040085930        0x0 
 .text.xTaskCheckForTimeOut
                0x0000000040085930       0x8b /Users/cocout/esp/blink/build/freertos/libfreertos.a(tasks.o)
                                         0x96 (size before relaxing)
                0x0000000040085930                xTaskCheckForTimeOut
 *fill*         0x00000000400859bb        0x1 
 .text.vTaskPriorityInherit
                0x00000000400859bc       0xc4 /Users/cocout/esp/blink/build/freertos/libfreertos.a(tasks.o)
                                         0xdb (size before relaxing)
                0x00000000400859bc                vTaskPriorityInherit
 *fill*         0x0000000040085a80        0x0 
 .text.xTaskPriorityDisinherit
                0x0000000040085a80       0x97 /Users/cocout/esp/blink/build/freertos/libfreertos.a(tasks.o)
                                         0xaa (size before relaxing)
                0x0000000040085a80                xTaskPriorityDisinherit
 *fill*         0x0000000040085b17        0x1 
 .text.pvTaskIncrementMutexHeldCount
                0x0000000040085b18       0x50 /Users/cocout/esp/blink/build/freertos/libfreertos.a(tasks.o)
                                         0x54 (size before relaxing)
                0x0000000040085b18                pvTaskIncrementMutexHeldCount
 .text.prvGetNextExpireTime
                0x0000000040085b68       0x20 /Users/cocout/esp/blink/build/freertos/libfreertos.a(timers.o)
 .text.prvInsertTimerInActiveList
                0x0000000040085b88       0x50 /Users/cocout/esp/blink/build/freertos/libfreertos.a(timers.o)
                                         0x54 (size before relaxing)
 .text.prvCheckForValidListAndQueue
                0x0000000040085bd8       0x66 /Users/cocout/esp/blink/build/freertos/libfreertos.a(timers.o)
                                         0x7e (size before relaxing)
 *fill*         0x0000000040085c3e        0x2 
 .text.xTimerCreateTimerTask
                0x0000000040085c40       0x48 /Users/cocout/esp/blink/build/freertos/libfreertos.a(timers.o)
                                         0x4c (size before relaxing)
                0x0000000040085c40                xTimerCreateTimerTask
 .text.xTimerGenericCommand
                0x0000000040085c88       0x55 /Users/cocout/esp/blink/build/freertos/libfreertos.a(timers.o)
                                         0x5d (size before relaxing)
                0x0000000040085c88                xTimerGenericCommand
 *fill*         0x0000000040085cdd        0x3 
 .text.prvSwitchTimerLists
                0x0000000040085ce0       0x76 /Users/cocout/esp/blink/build/freertos/libfreertos.a(timers.o)
                                         0x82 (size before relaxing)
 *fill*         0x0000000040085d56        0x2 
 .text.prvSampleTimeNow
                0x0000000040085d58       0x2b /Users/cocout/esp/blink/build/freertos/libfreertos.a(timers.o)
                                         0x2f (size before relaxing)
 *fill*         0x0000000040085d83        0x1 
 .text.prvProcessExpiredTimer
                0x0000000040085d84       0x53 /Users/cocout/esp/blink/build/freertos/libfreertos.a(timers.o)
                                         0x5f (size before relaxing)
 *fill*         0x0000000040085dd7        0x1 
 .text.prvProcessTimerOrBlockTask
                0x0000000040085dd8       0x58 /Users/cocout/esp/blink/build/freertos/libfreertos.a(timers.o)
                                         0x6c (size before relaxing)
 .text.prvProcessReceivedCommands
                0x0000000040085e30       0xd6 /Users/cocout/esp/blink/build/freertos/libfreertos.a(timers.o)
                                         0xe6 (size before relaxing)
 *fill*         0x0000000040085f06        0x2 
 .text.prvTimerTask
                0x0000000040085f08       0x15 /Users/cocout/esp/blink/build/freertos/libfreertos.a(timers.o)
                                         0x1d (size before relaxing)
 *fill*         0x0000000040085f1d        0x3 
 .text._xt_tick_divisor_init
                0x0000000040085f20       0x1c /Users/cocout/esp/blink/build/freertos/libfreertos.a(xtensa_init.o)
                                         0x1f (size before relaxing)
                0x0000000040085f20                _xt_tick_divisor_init
 *fill*         0x0000000040085f3c        0x0 
 .text.xt_unhandled_interrupt
                0x0000000040085f3c       0x16 /Users/cocout/esp/blink/build/freertos/libfreertos.a(xtensa_intr.o)
                0x0000000040085f3c                xt_unhandled_interrupt
 *fill*         0x0000000040085f52        0x2 
 .text.xt_set_interrupt_handler
                0x0000000040085f54       0x46 /Users/cocout/esp/blink/build/freertos/libfreertos.a(xtensa_intr.o)
                0x0000000040085f54                xt_set_interrupt_handler
 *fill*         0x0000000040085f9a        0x2 
 .text          0x0000000040085f9c      0x1d0 /Users/cocout/esp/blink/build/freertos/libfreertos.a(portasm.o)
                0x0000000040085f9c                _frxt_setup_switch
                0x0000000040085fb4                _frxt_int_enter
                0x0000000040085ffc                _frxt_int_exit
                0x000000004008604c                _frxt_timer_int
                0x0000000040086074                _frxt_tick_timer_init
                0x000000004008608c                _frxt_dispatch
                0x00000000400860d4                vPortYield
                0x0000000040086120                vPortYieldFromInt
                0x0000000040086140                _frxt_task_coproc_state
 .text          0x000000004008616c      0x12b /Users/cocout/esp/blink/build/freertos/libfreertos.a(xtensa_context.o)
                0x000000004008616c                _xt_context_save
                0x00000000400861d4                _xt_context_restore
                0x0000000040086218                _xt_coproc_init
                0x000000004008622c                _xt_coproc_release
                0x0000000040086258                _xt_coproc_savecs
                0x0000000040086278                _xt_coproc_restorecs
 *fill*         0x0000000040086297        0x0 
 *fill*         0x0000000040086297        0x0 
 *fill*         0x0000000040086297        0x0 
 *fill*         0x0000000040086297        0x0 
 *fill*         0x0000000040086297        0x1 
 .text.vPortStoreTaskMPUSettings
                0x0000000040086298       0x13 /Users/cocout/esp/blink/build/freertos/libfreertos.a(port.o)
                0x0000000040086298                vPortStoreTaskMPUSettings
 *fill*         0x00000000400862ab        0x0 
 *fill*         0x00000000400862ab        0x0 
 *fill*         0x00000000400862ab        0x0 
 *fill*         0x00000000400862ab        0x0 
 *fill*         0x00000000400862ab        0x1 
 .text.prvIsQueueEmpty
                0x00000000400862ac       0x12 /Users/cocout/esp/blink/build/freertos/libfreertos.a(queue.o)
 *fill*         0x00000000400862be        0x0 
 *fill*         0x00000000400862be        0x0 
 *fill*         0x00000000400862be        0x0 
 *fill*         0x00000000400862be        0x0 
 *fill*         0x00000000400862be        0x0 
 *fill*         0x00000000400862be        0x0 
 *fill*         0x00000000400862be        0x0 
 *fill*         0x00000000400862be        0x0 
 *fill*         0x00000000400862be        0x0 
 *fill*         0x00000000400862be        0x0 
 *fill*         0x00000000400862be        0x0 
 *fill*         0x00000000400862be        0x0 
 *fill*         0x00000000400862be        0x0 
 *fill*         0x00000000400862be        0x0 
 *fill*         0x00000000400862be        0x0 
 *fill*         0x00000000400862be        0x0 
 *fill*         0x00000000400862be        0x0 
 *fill*         0x00000000400862be        0x0 
 *fill*         0x00000000400862be        0x0 
 *fill*         0x00000000400862be        0x0 
 *fill*         0x00000000400862be        0x0 
 *fill*         0x00000000400862be        0x0 
 *fill*         0x00000000400862be        0x0 
 *fill*         0x00000000400862be        0x0 
 *fill*         0x00000000400862be        0x0 
 *fill*         0x00000000400862be        0x0 
 *fill*         0x00000000400862be        0x0 
 *fill*         0x00000000400862be        0x0 
 *fill*         0x00000000400862be        0x0 
 *fill*         0x00000000400862be        0x0 
 *fill*         0x00000000400862be        0x0 
 *fill*         0x00000000400862be        0x0 
 *fill*         0x00000000400862be        0x0 
 *fill*         0x00000000400862be        0x0 
 *fill*         0x00000000400862be        0x0 
 *fill*         0x00000000400862be        0x0 
 *fill*         0x00000000400862be        0x0 
 *fill*         0x00000000400862be        0x0 
 *fill*         0x00000000400862be        0x0 
 *fill*         0x00000000400862be        0x0 
 *fill*         0x00000000400862be        0x0 
 *fill*         0x00000000400862be        0x0 
 *fill*         0x00000000400862be        0x0 
 *fill*         0x00000000400862be        0x0 
 *fill*         0x00000000400862be        0x0 
 *fill*         0x00000000400862be        0x0 
 *fill*         0x00000000400862be        0x0 
 *fill*         0x00000000400862be        0x0 
 *fill*         0x00000000400862be        0x0 
 *fill*         0x00000000400862be        0x0 
 *fill*         0x00000000400862be        0x0 
 *fill*         0x00000000400862be        0x0 
 *fill*         0x00000000400862be        0x0 
 *fill*         0x00000000400862be        0x2 
 .text          0x00000000400862c0       0x33 /Users/cocout/esp/blink/build/freertos/libfreertos.a(xtensa_intr_asm.o)
                0x00000000400862c0                xt_ints_on
                0x00000000400862d8                xt_ints_off
 *fill*         0x00000000400862f3        0x1 
 .text.vListInitialise
                0x00000000400862f4       0x15 /Users/cocout/esp/blink/build/freertos/libfreertos.a(list.o)
                0x00000000400862f4                vListInitialise
 *fill*         0x0000000040086309        0x3 
 .text.vListInitialiseItem
                0x000000004008630c        0x9 /Users/cocout/esp/blink/build/freertos/libfreertos.a(list.o)
                0x000000004008630c                vListInitialiseItem
 *fill*         0x0000000040086315        0x3 
 .text.vListInsertEnd
                0x0000000040086318       0x1b /Users/cocout/esp/blink/build/freertos/libfreertos.a(list.o)
                0x0000000040086318                vListInsertEnd
 *fill*         0x0000000040086333        0x1 
 .text.vListInsert
                0x0000000040086334       0x2f /Users/cocout/esp/blink/build/freertos/libfreertos.a(list.o)
                0x0000000040086334                vListInsert
 *fill*         0x0000000040086363        0x1 
 .text.uxListRemove
                0x0000000040086364       0x26 /Users/cocout/esp/blink/build/freertos/libfreertos.a(list.o)
                0x0000000040086364                uxListRemove
 *libheap.a:multi_heap.o(.literal .text .literal.* .text.*)
 *fill*         0x000000004008638a        0x2 
 .text.get_prev_free_block
                0x000000004008638c       0x68 /Users/cocout/esp/blink/build/heap/libheap.a(multi_heap.o)
                                         0x77 (size before relaxing)
 *fill*         0x00000000400863f4        0x0 
 .text.split_if_necessary
                0x00000000400863f4      0x138 /Users/cocout/esp/blink/build/heap/libheap.a(multi_heap.o)
                                        0x148 (size before relaxing)
 .text.assert_valid_block
                0x000000004008652c       0xb0 /Users/cocout/esp/blink/build/heap/libheap.a(multi_heap.o)
                                         0xb4 (size before relaxing)
 .text.merge_adjacent
                0x00000000400865dc      0x12c /Users/cocout/esp/blink/build/heap/libheap.a(multi_heap.o)
                                        0x140 (size before relaxing)
 .text.multi_heap_get_allocated_size_impl
                0x0000000040086708       0x38 /Users/cocout/esp/blink/build/heap/libheap.a(multi_heap.o)
                                         0x3c (size before relaxing)
                0x0000000040086708                multi_heap_get_allocated_size
                0x0000000040086708                multi_heap_get_allocated_size_impl
 .text.multi_heap_malloc_impl
                0x0000000040086740      0x110 /Users/cocout/esp/blink/build/heap/libheap.a(multi_heap.o)
                                        0x120 (size before relaxing)
                0x0000000040086740                multi_heap_malloc
                0x0000000040086740                multi_heap_malloc_impl
 .text.multi_heap_free_impl
                0x0000000040086850      0x130 /Users/cocout/esp/blink/build/heap/libheap.a(multi_heap.o)
                                        0x14c (size before relaxing)
                0x0000000040086850                multi_heap_free
                0x0000000040086850                multi_heap_free_impl
 .text.multi_heap_realloc_impl
                0x0000000040086980      0x258 /Users/cocout/esp/blink/build/heap/libheap.a(multi_heap.o)
                                        0x274 (size before relaxing)
                0x0000000040086980                multi_heap_realloc
                0x0000000040086980                multi_heap_realloc_impl
 *fill*         0x0000000040086bd8        0x0 
 *fill*         0x0000000040086bd8        0x0 
 .text.multi_heap_register_impl
                0x0000000040086bd8       0x51 /Users/cocout/esp/blink/build/heap/libheap.a(multi_heap.o)
                0x0000000040086bd8                multi_heap_register_impl
                0x0000000040086bd8                multi_heap_register
 *fill*         0x0000000040086c29        0x3 
 .text.multi_heap_set_lock
                0x0000000040086c2c        0x7 /Users/cocout/esp/blink/build/heap/libheap.a(multi_heap.o)
                0x0000000040086c2c                multi_heap_set_lock
 *fill*         0x0000000040086c33        0x0 
 *libheap.a:multi_heap_poisoning.o(.literal .text .literal.* .text.*)
 *libesp32.a:panic.o(.literal .text .literal.* .text.*)
 *fill*         0x0000000040086c33        0x1 
 .text.panicPutChar
                0x0000000040086c34       0x1e /Users/cocout/esp/blink/build/esp32/libesp32.a(panic.o)
 *fill*         0x0000000040086c52        0x2 
 .text.panicPutStr
                0x0000000040086c54       0x1a /Users/cocout/esp/blink/build/esp32/libesp32.a(panic.o)
 *fill*         0x0000000040086c6e        0x2 
 .text.panicPutHex
                0x0000000040086c70       0x2c /Users/cocout/esp/blink/build/esp32/libesp32.a(panic.o)
                                         0x2f (size before relaxing)
 *fill*         0x0000000040086c9c        0x0 
 .text.panicPutDec
                0x0000000040086c9c       0x3c /Users/cocout/esp/blink/build/esp32/libesp32.a(panic.o)
                                         0x46 (size before relaxing)
 *fill*         0x0000000040086cd8        0x0 
 .text.reconfigureAllWdts
                0x0000000040086cd8       0xa8 /Users/cocout/esp/blink/build/esp32/libesp32.a(panic.o)
 .text.putEntry
                0x0000000040086d80       0x2b /Users/cocout/esp/blink/build/esp32/libesp32.a(panic.o)
                                         0x37 (size before relaxing)
 *fill*         0x0000000040086dab        0x1 
 .text.doBacktrace
                0x0000000040086dac       0x71 /Users/cocout/esp/blink/build/esp32/libesp32.a(panic.o)
                                         0x78 (size before relaxing)
 *fill*         0x0000000040086e1d        0x3 
 .text.invoke_abort
                0x0000000040086e20       0x1d /Users/cocout/esp/blink/build/esp32/libesp32.a(panic.o)
 *fill*         0x0000000040086e3d        0x3 
 .text.haltOtherCore
                0x0000000040086e40       0x18 /Users/cocout/esp/blink/build/esp32/libesp32.a(panic.o)
 .text.esp_panic_wdt_start
                0x0000000040086e58       0x84 /Users/cocout/esp/blink/build/esp32/libesp32.a(panic.o)
                                         0x88 (size before relaxing)
 .text.commonErrorHandler_dump
                0x0000000040086edc       0xd6 /Users/cocout/esp/blink/build/esp32/libesp32.a(panic.o)
                                        0x116 (size before relaxing)
 *fill*         0x0000000040086fb2        0x2 
 .text.esp_panic_dig_reset
                0x0000000040086fb4       0x33 /Users/cocout/esp/blink/build/esp32/libesp32.a(panic.o)
                                         0x37 (size before relaxing)
 *fill*         0x0000000040086fe7        0x1 
 .text.abort    0x0000000040086fe8       0x2a /Users/cocout/esp/blink/build/esp32/libesp32.a(panic.o)
                                         0x2d (size before relaxing)
                0x0000000040086fe8                abort
 *fill*         0x0000000040087012        0x2 
 .text.vApplicationStackOverflowHook
                0x0000000040087014       0x17 /Users/cocout/esp/blink/build/esp32/libesp32.a(panic.o)
                                         0x23 (size before relaxing)
                0x0000000040087014                vApplicationStackOverflowHook
 *fill*         0x000000004008702b        0x1 
 .text.esp_panic_wdt_stop
                0x000000004008702c       0x44 /Users/cocout/esp/blink/build/esp32/libesp32.a(panic.o)
                0x000000004008702c                esp_panic_wdt_stop
 .text.commonErrorHandler
                0x0000000040087070       0x44 /Users/cocout/esp/blink/build/esp32/libesp32.a(panic.o)
                                         0x56 (size before relaxing)
 *fill*         0x00000000400870b4        0x0 
 .text.panicHandler
                0x00000000400870b4      0x163 /Users/cocout/esp/blink/build/esp32/libesp32.a(panic.o)
                                        0x186 (size before relaxing)
                0x00000000400870b4                panicHandler
 *fill*         0x0000000040087217        0x1 
 .text.xt_unhandled_exception
                0x0000000040087218       0x77 /Users/cocout/esp/blink/build/esp32/libesp32.a(panic.o)
                                         0xa1 (size before relaxing)
                0x0000000040087218                xt_unhandled_exception
 *fill*         0x000000004008728f        0x1 
 .text._esp_error_check_failed
                0x0000000040087290       0x57 /Users/cocout/esp/blink/build/esp32/libesp32.a(panic.o)
                                         0x5e (size before relaxing)
                0x0000000040087290                _esp_error_check_failed
 *fill*         0x00000000400872e7        0x0 
 *fill*         0x00000000400872e7        0x0 
 *fill*         0x00000000400872e7        0x0 
 *fill*         0x00000000400872e7        0x1 
 .text.setFirstBreakpoint
                0x00000000400872e8       0x13 /Users/cocout/esp/blink/build/esp32/libesp32.a(panic.o)
 *fill*         0x00000000400872fb        0x0 
 *fill*         0x00000000400872fb        0x0 
 *fill*         0x00000000400872fb        0x0 
 *fill*         0x00000000400872fb        0x0 
 *fill*         0x00000000400872fb        0x0 
 *fill*         0x00000000400872fb        0x0 
 *fill*         0x00000000400872fb        0x0 
 *fill*         0x00000000400872fb        0x0 
 *fill*         0x00000000400872fb        0x0 
 *fill*         0x00000000400872fb        0x0 
 *libesp32.a:core_dump.o(.literal .text .literal.* .text.*)
 *libapp_trace.a:(.literal .text .literal.* .text.*)
 *libxtensa-debug-module.a:eri.o(.literal .text .literal.* .text.*)
 *fill*         0x00000000400872fb        0x1 
 .text.eri_write
                0x00000000400872fc        0x8 /Users/cocout/esp/blink/build/xtensa-debug-module/libxtensa-debug-module.a(eri.o)
                0x00000000400872fc                eri_write
 *librtc.a:(.literal .text .literal.* .text.*)
 *libsoc.a:(.literal .text .literal.* .text.*)
 .text.rtc_clk_32k_enable_internal
                0x0000000040087304       0x81 /Users/cocout/esp/blink/build/soc/libsoc.a(rtc_clk.o)
 *fill*         0x0000000040087385        0x3 
 .text.rtc_clk_32k_enable
                0x0000000040087388       0x2d /Users/cocout/esp/blink/build/soc/libsoc.a(rtc_clk.o)
                0x0000000040087388                rtc_clk_32k_enable
 *fill*         0x00000000400873b5        0x3 
 .text.rtc_clk_32k_bootstrap
                0x00000000400873b8       0x9e /Users/cocout/esp/blink/build/soc/libsoc.a(rtc_clk.o)
                                         0xa2 (size before relaxing)
                0x00000000400873b8                rtc_clk_32k_bootstrap
 *fill*         0x0000000040087456        0x2 
 .text.rtc_clk_slow_freq_set
                0x0000000040087458       0x48 /Users/cocout/esp/blink/build/soc/libsoc.a(rtc_clk.o)
                0x0000000040087458                rtc_clk_slow_freq_set
 .text.rtc_clk_slow_freq_get
                0x00000000400874a0       0x10 /Users/cocout/esp/blink/build/soc/libsoc.a(rtc_clk.o)